Archive member included to satisfy reference by file (symbol)

c:/st/stm32cubeide_1.10.1/stm32cubeide/plugins/com.st.stm32cube.ide.mcu.externaltools.gnu-tools-for-stm32.10.3-2021.10.win32_1.0.0.202111181127/tools/bin/../lib/gcc/arm-none-eabi/10.3.1/../../../../arm-none-eabi/lib/thumb/v7e-m+fp/hard\libc_nano.a(lib_a-errno.o)
                              ./Core/Src/syscalls.o (__errno)
c:/st/stm32cubeide_1.10.1/stm32cubeide/plugins/com.st.stm32cube.ide.mcu.externaltools.gnu-tools-for-stm32.10.3-2021.10.win32_1.0.0.202111181127/tools/bin/../lib/gcc/arm-none-eabi/10.3.1/../../../../arm-none-eabi/lib/thumb/v7e-m+fp/hard\libc_nano.a(lib_a-exit.o)
                              c:/st/stm32cubeide_1.10.1/stm32cubeide/plugins/com.st.stm32cube.ide.mcu.externaltools.gnu-tools-for-stm32.10.3-2021.10.win32_1.0.0.202111181127/tools/bin/../lib/gcc/arm-none-eabi/10.3.1/../../../../arm-none-eabi/lib/thumb/v7e-m+fp/hard/crt0.o (exit)
c:/st/stm32cubeide_1.10.1/stm32cubeide/plugins/com.st.stm32cube.ide.mcu.externaltools.gnu-tools-for-stm32.10.3-2021.10.win32_1.0.0.202111181127/tools/bin/../lib/gcc/arm-none-eabi/10.3.1/../../../../arm-none-eabi/lib/thumb/v7e-m+fp/hard\libc_nano.a(lib_a-impure.o)
                              c:/st/stm32cubeide_1.10.1/stm32cubeide/plugins/com.st.stm32cube.ide.mcu.externaltools.gnu-tools-for-stm32.10.3-2021.10.win32_1.0.0.202111181127/tools/bin/../lib/gcc/arm-none-eabi/10.3.1/../../../../arm-none-eabi/lib/thumb/v7e-m+fp/hard\libc_nano.a(lib_a-exit.o) (_global_impure_ptr)
c:/st/stm32cubeide_1.10.1/stm32cubeide/plugins/com.st.stm32cube.ide.mcu.externaltools.gnu-tools-for-stm32.10.3-2021.10.win32_1.0.0.202111181127/tools/bin/../lib/gcc/arm-none-eabi/10.3.1/../../../../arm-none-eabi/lib/thumb/v7e-m+fp/hard\libc_nano.a(lib_a-init.o)
                              c:/st/stm32cubeide_1.10.1/stm32cubeide/plugins/com.st.stm32cube.ide.mcu.externaltools.gnu-tools-for-stm32.10.3-2021.10.win32_1.0.0.202111181127/tools/bin/../lib/gcc/arm-none-eabi/10.3.1/../../../../arm-none-eabi/lib/thumb/v7e-m+fp/hard/crt0.o (__libc_init_array)
c:/st/stm32cubeide_1.10.1/stm32cubeide/plugins/com.st.stm32cube.ide.mcu.externaltools.gnu-tools-for-stm32.10.3-2021.10.win32_1.0.0.202111181127/tools/bin/../lib/gcc/arm-none-eabi/10.3.1/../../../../arm-none-eabi/lib/thumb/v7e-m+fp/hard\libc_nano.a(lib_a-memcpy-stub.o)
                              ./workable_common/ThirdParty/FreeRTOS/queue.o (memcpy)
c:/st/stm32cubeide_1.10.1/stm32cubeide/plugins/com.st.stm32cube.ide.mcu.externaltools.gnu-tools-for-stm32.10.3-2021.10.win32_1.0.0.202111181127/tools/bin/../lib/gcc/arm-none-eabi/10.3.1/../../../../arm-none-eabi/lib/thumb/v7e-m+fp/hard\libc_nano.a(lib_a-memset.o)
                              c:/st/stm32cubeide_1.10.1/stm32cubeide/plugins/com.st.stm32cube.ide.mcu.externaltools.gnu-tools-for-stm32.10.3-2021.10.win32_1.0.0.202111181127/tools/bin/../lib/gcc/arm-none-eabi/10.3.1/../../../../arm-none-eabi/lib/thumb/v7e-m+fp/hard/crt0.o (memset)
c:/st/stm32cubeide_1.10.1/stm32cubeide/plugins/com.st.stm32cube.ide.mcu.externaltools.gnu-tools-for-stm32.10.3-2021.10.win32_1.0.0.202111181127/tools/bin/../lib/gcc/arm-none-eabi/10.3.1/../../../../arm-none-eabi/lib/thumb/v7e-m+fp/hard\libc_nano.a(lib_a-strcmp.o)
                              ./Core/Src/task_handler.o (strcmp)
c:/st/stm32cubeide_1.10.1/stm32cubeide/plugins/com.st.stm32cube.ide.mcu.externaltools.gnu-tools-for-stm32.10.3-2021.10.win32_1.0.0.202111181127/tools/bin/../lib/gcc/arm-none-eabi/10.3.1/../../../../arm-none-eabi/lib/thumb/v7e-m+fp/hard\libc_nano.a(lib_a-strlen.o)
                              ./workable_common/ThirdParty/FreeRTOS/tasks.o (strlen)
c:/st/stm32cubeide_1.10.1/stm32cubeide/plugins/com.st.stm32cube.ide.mcu.externaltools.gnu-tools-for-stm32.10.3-2021.10.win32_1.0.0.202111181127/tools/bin/../lib/gcc/arm-none-eabi/10.3.1/thumb/v7e-m+fp/hard\libgcc.a(_aeabi_uldivmod.o)
                              ./Drivers/STM32F4xx_HAL_Driver/Src/stm32f4xx_hal_rcc.o (__aeabi_uldivmod)
c:/st/stm32cubeide_1.10.1/stm32cubeide/plugins/com.st.stm32cube.ide.mcu.externaltools.gnu-tools-for-stm32.10.3-2021.10.win32_1.0.0.202111181127/tools/bin/../lib/gcc/arm-none-eabi/10.3.1/thumb/v7e-m+fp/hard\libgcc.a(_udivmoddi4.o)
                              c:/st/stm32cubeide_1.10.1/stm32cubeide/plugins/com.st.stm32cube.ide.mcu.externaltools.gnu-tools-for-stm32.10.3-2021.10.win32_1.0.0.202111181127/tools/bin/../lib/gcc/arm-none-eabi/10.3.1/thumb/v7e-m+fp/hard\libgcc.a(_aeabi_uldivmod.o) (__udivmoddi4)
c:/st/stm32cubeide_1.10.1/stm32cubeide/plugins/com.st.stm32cube.ide.mcu.externaltools.gnu-tools-for-stm32.10.3-2021.10.win32_1.0.0.202111181127/tools/bin/../lib/gcc/arm-none-eabi/10.3.1/thumb/v7e-m+fp/hard\libgcc.a(_dvmd_tls.o)
                              c:/st/stm32cubeide_1.10.1/stm32cubeide/plugins/com.st.stm32cube.ide.mcu.externaltools.gnu-tools-for-stm32.10.3-2021.10.win32_1.0.0.202111181127/tools/bin/../lib/gcc/arm-none-eabi/10.3.1/thumb/v7e-m+fp/hard\libgcc.a(_aeabi_uldivmod.o) (__aeabi_ldiv0)

[...]
Memory Configuration

Name             Origin             Length             Attributes
CCMRAM           0x0000000010000000 0x0000000000010000 xrw
RAM              0x0000000020000000 0x0000000000020000 xrw
FLASH            0x0000000008000000 0x0000000000100000 xr
*default*        0x0000000000000000 0xffffffffffffffff

Linker script and memory map

LOAD c:/st/stm32cubeide_1.10.1/stm32cubeide/plugins/com.st.stm32cube.ide.mcu.externaltools.gnu-tools-for-stm32.10.3-2021.10.win32_1.0.0.202111181127/tools/bin/../lib/gcc/arm-none-eabi/10.3.1/thumb/v7e-m+fp/hard/crti.o
LOAD c:/st/stm32cubeide_1.10.1/stm32cubeide/plugins/com.st.stm32cube.ide.mcu.externaltools.gnu-tools-for-stm32.10.3-2021.10.win32_1.0.0.202111181127/tools/bin/../lib/gcc/arm-none-eabi/10.3.1/thumb/v7e-m+fp/hard/crtbegin.o
LOAD c:/st/stm32cubeide_1.10.1/stm32cubeide/plugins/com.st.stm32cube.ide.mcu.externaltools.gnu-tools-for-stm32.10.3-2021.10.win32_1.0.0.202111181127/tools/bin/../lib/gcc/arm-none-eabi/10.3.1/../../../../arm-none-eabi/lib/thumb/v7e-m+fp/hard/crt0.o
LOAD ./Core/Src/led_effect.o
LOAD ./Core/Src/main.o
LOAD ./Core/Src/rtc.o
LOAD ./Core/Src/stm32f4xx_hal_msp.o
LOAD ./Core/Src/stm32f4xx_hal_timebase_tim.o
LOAD ./Core/Src/stm32f4xx_it.o
LOAD ./Core/Src/syscalls.o
LOAD ./Core/Src/sysmem.o
LOAD ./Core/Src/system_stm32f4xx.o
LOAD ./Core/Src/task_handler.o
LOAD ./Core/Startup/startup_stm32f407vgtx.o
LOAD ./Drivers/STM32F4xx_HAL_Driver/Src/stm32f4xx_hal.o
LOAD ./Drivers/STM32F4xx_HAL_Driver/Src/stm32f4xx_hal_cortex.o
LOAD ./Drivers/STM32F4xx_HAL_Driver/Src/stm32f4xx_hal_dma.o
LOAD ./Drivers/STM32F4xx_HAL_Driver/Src/stm32f4xx_hal_dma_ex.o
LOAD ./Drivers/STM32F4xx_HAL_Driver/Src/stm32f4xx_hal_exti.o
LOAD ./Drivers/STM32F4xx_HAL_Driver/Src/stm32f4xx_hal_flash.o
LOAD ./Drivers/STM32F4xx_HAL_Driver/Src/stm32f4xx_hal_flash_ex.o
LOAD ./Drivers/STM32F4xx_HAL_Driver/Src/stm32f4xx_hal_flash_ramfunc.o
LOAD ./Drivers/STM32F4xx_HAL_Driver/Src/stm32f4xx_hal_gpio.o
LOAD ./Drivers/STM32F4xx_HAL_Driver/Src/stm32f4xx_hal_pwr.o
LOAD ./Drivers/STM32F4xx_HAL_Driver/Src/stm32f4xx_hal_pwr_ex.o
LOAD ./Drivers/STM32F4xx_HAL_Driver/Src/stm32f4xx_hal_rcc.o
LOAD ./Drivers/STM32F4xx_HAL_Driver/Src/stm32f4xx_hal_rcc_ex.o
LOAD ./Drivers/STM32F4xx_HAL_Driver/Src/stm32f4xx_hal_rtc.o
LOAD ./Drivers/STM32F4xx_HAL_Driver/Src/stm32f4xx_hal_rtc_ex.o
LOAD ./Drivers/STM32F4xx_HAL_Driver/Src/stm32f4xx_hal_tim.o
LOAD ./Drivers/STM32F4xx_HAL_Driver/Src/stm32f4xx_hal_tim_ex.o
LOAD ./Drivers/STM32F4xx_HAL_Driver/Src/stm32f4xx_hal_uart.o
LOAD ./workable_common/ThirdParty/FreeRTOS/croutine.o
LOAD ./workable_common/ThirdParty/FreeRTOS/event_groups.o
LOAD ./workable_common/ThirdParty/FreeRTOS/list.o
LOAD ./workable_common/ThirdParty/FreeRTOS/queue.o
LOAD ./workable_common/ThirdParty/FreeRTOS/stream_buffer.o
LOAD ./workable_common/ThirdParty/FreeRTOS/tasks.o
LOAD ./workable_common/ThirdParty/FreeRTOS/timers.o
LOAD ./workable_common/ThirdParty/FreeRTOS/portable/GCC/ARM_CM4F/port.o
LOAD ./workable_common/ThirdParty/FreeRTOS/portable/MemMang/heap_4.o
START GROUP
LOAD c:/st/stm32cubeide_1.10.1/stm32cubeide/plugins/com.st.stm32cube.ide.mcu.externaltools.gnu-tools-for-stm32.10.3-2021.10.win32_1.0.0.202111181127/tools/bin/../lib/gcc/arm-none-eabi/10.3.1/../../../../arm-none-eabi/lib/thumb/v7e-m+fp/hard\libc_nano.a
LOAD c:/st/stm32cubeide_1.10.1/stm32cubeide/plugins/com.st.stm32cube.ide.mcu.externaltools.gnu-tools-for-stm32.10.3-2021.10.win32_1.0.0.202111181127/tools/bin/../lib/gcc/arm-none-eabi/10.3.1/../../../../arm-none-eabi/lib/thumb/v7e-m+fp/hard\libm.a
END GROUP
START GROUP
LOAD c:/st/stm32cubeide_1.10.1/stm32cubeide/plugins/com.st.stm32cube.ide.mcu.externaltools.gnu-tools-for-stm32.10.3-2021.10.win32_1.0.0.202111181127/tools/bin/../lib/gcc/arm-none-eabi/10.3.1/thumb/v7e-m+fp/hard\libgcc.a
LOAD c:/st/stm32cubeide_1.10.1/stm32cubeide/plugins/com.st.stm32cube.ide.mcu.externaltools.gnu-tools-for-stm32.10.3-2021.10.win32_1.0.0.202111181127/tools/bin/../lib/gcc/arm-none-eabi/10.3.1/../../../../arm-none-eabi/lib/thumb/v7e-m+fp/hard\libc_nano.a
END GROUP
START GROUP
LOAD c:/st/stm32cubeide_1.10.1/stm32cubeide/plugins/com.st.stm32cube.ide.mcu.externaltools.gnu-tools-for-stm32.10.3-2021.10.win32_1.0.0.202111181127/tools/bin/../lib/gcc/arm-none-eabi/10.3.1/thumb/v7e-m+fp/hard\libgcc.a
LOAD c:/st/stm32cubeide_1.10.1/stm32cubeide/plugins/com.st.stm32cube.ide.mcu.externaltools.gnu-tools-for-stm32.10.3-2021.10.win32_1.0.0.202111181127/tools/bin/../lib/gcc/arm-none-eabi/10.3.1/../../../../arm-none-eabi/lib/thumb/v7e-m+fp/hard\libc_nano.a
LOAD c:/st/stm32cubeide_1.10.1/stm32cubeide/plugins/com.st.stm32cube.ide.mcu.externaltools.gnu-tools-for-stm32.10.3-2021.10.win32_1.0.0.202111181127/tools/bin/../lib/gcc/arm-none-eabi/10.3.1/../../../../arm-none-eabi/lib/thumb/v7e-m+fp/hard\libnosys.a
END GROUP
START GROUP
LOAD c:/st/stm32cubeide_1.10.1/stm32cubeide/plugins/com.st.stm32cube.ide.mcu.externaltools.gnu-tools-for-stm32.10.3-2021.10.win32_1.0.0.202111181127/tools/bin/../lib/gcc/arm-none-eabi/10.3.1/thumb/v7e-m+fp/hard\libgcc.a
LOAD c:/st/stm32cubeide_1.10.1/stm32cubeide/plugins/com.st.stm32cube.ide.mcu.externaltools.gnu-tools-for-stm32.10.3-2021.10.win32_1.0.0.202111181127/tools/bin/../lib/gcc/arm-none-eabi/10.3.1/../../../../arm-none-eabi/lib/thumb/v7e-m+fp/hard\libc_nano.a
LOAD c:/st/stm32cubeide_1.10.1/stm32cubeide/plugins/com.st.stm32cube.ide.mcu.externaltools.gnu-tools-for-stm32.10.3-2021.10.win32_1.0.0.202111181127/tools/bin/../lib/gcc/arm-none-eabi/10.3.1/../../../../arm-none-eabi/lib/thumb/v7e-m+fp/hard\libnosys.a
END GROUP
LOAD c:/st/stm32cubeide_1.10.1/stm32cubeide/plugins/com.st.stm32cube.ide.mcu.externaltools.gnu-tools-for-stm32.10.3-2021.10.win32_1.0.0.202111181127/tools/bin/../lib/gcc/arm-none-eabi/10.3.1/thumb/v7e-m+fp/hard/crtend.o
LOAD c:/st/stm32cubeide_1.10.1/stm32cubeide/plugins/com.st.stm32cube.ide.mcu.externaltools.gnu-tools-for-stm32.10.3-2021.10.win32_1.0.0.202111181127/tools/bin/../lib/gcc/arm-none-eabi/10.3.1/thumb/v7e-m+fp/hard/crtn.o
                0x0000000020020000                _estack = (ORIGIN (RAM) + LENGTH (RAM))
                0x0000000000000200                _Min_Heap_Size = 0x200
                0x0000000000000400                _Min_Stack_Size = 0x400

.isr_vector     0x0000000008000000      0x188
                0x0000000008000000                . = ALIGN (0x4)
 *(.isr_vector)
 .isr_vector    0x0000000008000000      0x188 ./Core/Startup/startup_stm32f407vgtx.o
                0x0000000008000000                g_pfnVectors
                0x0000000008000188                . = ALIGN (0x4)

.text           0x0000000008000190     0x6784
                0x0000000008000190                . = ALIGN (0x4)
 *(.text)
 .text          0x0000000008000190       0x40 c:/st/stm32cubeide_1.10.1/stm32cubeide/plugins/com.st.stm32cube.ide.mcu.externaltools.gnu-tools-for-stm32.10.3-2021.10.win32_1.0.0.202111181127/tools/bin/../lib/gcc/arm-none-eabi/10.3.1/thumb/v7e-m+fp/hard/crtbegin.o
 .text          0x00000000080001d0       0x14 c:/st/stm32cubeide_1.10.1/stm32cubeide/plugins/com.st.stm32cube.ide.mcu.externaltools.gnu-tools-for-stm32.10.3-2021.10.win32_1.0.0.202111181127/tools/bin/../lib/gcc/arm-none-eabi/10.3.1/../../../../arm-none-eabi/lib/thumb/v7e-m+fp/hard\libc_nano.a(lib_a-strcmp.o)
                0x00000000080001d0                strcmp
 .text          0x00000000080001e4       0x30 c:/st/stm32cubeide_1.10.1/stm32cubeide/plugins/com.st.stm32cube.ide.mcu.externaltools.gnu-tools-for-stm32.10.3-2021.10.win32_1.0.0.202111181127/tools/bin/../lib/gcc/arm-none-eabi/10.3.1/thumb/v7e-m+fp/hard\libgcc.a(_aeabi_uldivmod.o)
                0x00000000080001e4                __aeabi_uldivmod
 .text          0x0000000008000214      0x2d0 c:/st/stm32cubeide_1.10.1/stm32cubeide/plugins/com.st.stm32cube.ide.mcu.externaltools.gnu-tools-for-stm32.10.3-2021.10.win32_1.0.0.202111181127/tools/bin/../lib/gcc/arm-none-eabi/10.3.1/thumb/v7e-m+fp/hard\libgcc.a(_udivmoddi4.o)
                0x0000000008000214                __udivmoddi4
 .text          0x00000000080004e4        0x4 c:/st/stm32cubeide_1.10.1/stm32cubeide/plugins/com.st.stm32cube.ide.mcu.externaltools.gnu-tools-for-stm32.10.3-2021.10.win32_1.0.0.202111181127/tools/bin/../lib/gcc/arm-none-eabi/10.3.1/thumb/v7e-m+fp/hard\libgcc.a(_dvmd_tls.o)
                0x00000000080004e4                __aeabi_idiv0
                0x00000000080004e4                __aeabi_ldiv0
 *(.text*)
 .text.led_effect_stop
                0x00000000080004e8        0xe ./Core/Src/led_effect.o
                0x00000000080004e8                led_effect_stop
 .text.led_effect
                0x00000000080004f6       0x14 ./Core/Src/led_effect.o
                0x00000000080004f6                led_effect
 *fill*         0x000000000800050a        0x2 
 .text.main     0x000000000800050c      0x1dc ./Core/Src/main.o
                0x000000000800050c                main
 .text.SystemClock_Config
                0x00000000080006e8       0xd8 ./Core/Src/main.o
                0x00000000080006e8                SystemClock_Config
 .text.MX_RTC_Init
                0x00000000080007c0       0x4c ./Core/Src/main.o
 .text.MX_USART2_UART_Init
                0x000000000800080c       0x54 ./Core/Src/main.o
 .text.MX_GPIO_Init
                0x0000000008000860      0x2bc ./Core/Src/main.o
 .text.HAL_UART_RxCpltCallback
                0x0000000008000b1c       0x94 ./Core/Src/main.o
                0x0000000008000b1c                HAL_UART_RxCpltCallback
 .text.HAL_TIM_PeriodElapsedCallback
                0x0000000008000bb0       0x24 ./Core/Src/main.o
                0x0000000008000bb0                HAL_TIM_PeriodElapsedCallback
 .text.Error_Handler
                0x0000000008000bd4        0xa ./Core/Src/main.o
                0x0000000008000bd4                Error_Handler
 *fill*         0x0000000008000bde        0x2 
 .text.HAL_MspInit
                0x0000000008000be0       0x50 ./Core/Src/stm32f4xx_hal_msp.o
                0x0000000008000be0                HAL_MspInit
 .text.HAL_RTC_MspInit
                0x0000000008000c30       0x54 ./Core/Src/stm32f4xx_hal_msp.o
                0x0000000008000c30                HAL_RTC_MspInit
 .text.HAL_UART_MspInit
                0x0000000008000c84       0xa0 ./Core/Src/stm32f4xx_hal_msp.o
                0x0000000008000c84                HAL_UART_MspInit
 .text.HAL_InitTick
                0x0000000008000d24       0xf8 ./Core/Src/stm32f4xx_hal_timebase_tim.o
                0x0000000008000d24                HAL_InitTick
 .text.NMI_Handler
                0x0000000008000e1c        0x6 ./Core/Src/stm32f4xx_it.o
                0x0000000008000e1c                NMI_Handler
 .text.HardFault_Handler
                0x0000000008000e22        0x6 ./Core/Src/stm32f4xx_it.o
                0x0000000008000e22                HardFault_Handler
 .text.MemManage_Handler
                0x0000000008000e28        0x6 ./Core/Src/stm32f4xx_it.o
                0x0000000008000e28                MemManage_Handler
 .text.BusFault_Handler
                0x0000000008000e2e        0x6 ./Core/Src/stm32f4xx_it.o
                0x0000000008000e2e                BusFault_Handler
 .text.UsageFault_Handler
                0x0000000008000e34        0x6 ./Core/Src/stm32f4xx_it.o
                0x0000000008000e34                UsageFault_Handler
 .text.DebugMon_Handler
                0x0000000008000e3a        0xe ./Core/Src/stm32f4xx_it.o
                0x0000000008000e3a                DebugMon_Handler
 .text.USART2_IRQHandler
                0x0000000008000e48       0x14 ./Core/Src/stm32f4xx_it.o
                0x0000000008000e48                USART2_IRQHandler
 .text.TIM6_DAC_IRQHandler
                0x0000000008000e5c       0x14 ./Core/Src/stm32f4xx_it.o
                0x0000000008000e5c                TIM6_DAC_IRQHandler
 .text.SystemInit
                0x0000000008000e70       0x24 ./Core/Src/system_stm32f4xx.o
                0x0000000008000e70                SystemInit
 .text.menu_task
                0x0000000008000e94       0xe0 ./Core/Src/task_handler.o
                0x0000000008000e94                menu_task
 .text.led_task
                0x0000000008000f74      0x12c ./Core/Src/task_handler.o
                0x0000000008000f74                led_task
 .text.rtc_task
                0x00000000080010a0        0xa ./Core/Src/task_handler.o
                0x00000000080010a0                rtc_task
 .text.print_task
                0x00000000080010aa        0xa ./Core/Src/task_handler.o
                0x00000000080010aa                print_task
 .text.command_handling_task
                0x00000000080010b4       0x2e ./Core/Src/task_handler.o
                0x00000000080010b4                command_handling_task
 *fill*         0x00000000080010e2        0x2 
 .text.process_command
                0x00000000080010e4       0x78 ./Core/Src/task_handler.o
                0x00000000080010e4                process_command
 .text.extract_command
                0x000000000800115c       0x74 ./Core/Src/task_handler.o
                0x000000000800115c                extract_command
 .text.Reset_Handler
                0x00000000080011d0       0x50 ./Core/Startup/startup_stm32f407vgtx.o
                0x00000000080011d0                Reset_Handler
 .text.Default_Handler
                0x0000000008001220        0x2 ./Core/Startup/startup_stm32f407vgtx.o
                0x0000000008001220                RTC_Alarm_IRQHandler
                0x0000000008001220                HASH_RNG_IRQHandler
                0x0000000008001220                EXTI2_IRQHandler
                0x0000000008001220                TIM8_CC_IRQHandler
                0x0000000008001220                TIM1_CC_IRQHandler
                0x0000000008001220                DMA2_Stream5_IRQHandler
                0x0000000008001220                DMA1_Stream5_IRQHandler
                0x0000000008001220                PVD_IRQHandler
                0x0000000008001220                SDIO_IRQHandler
                0x0000000008001220                TAMP_STAMP_IRQHandler
                0x0000000008001220                CAN2_RX1_IRQHandler
                0x0000000008001220                EXTI3_IRQHandler
                0x0000000008001220                TIM8_TRG_COM_TIM14_IRQHandler
                0x0000000008001220                TIM1_UP_TIM10_IRQHandler
                0x0000000008001220                TIM8_UP_TIM13_IRQHandler
                0x0000000008001220                I2C3_ER_IRQHandler
                0x0000000008001220                EXTI0_IRQHandler
                0x0000000008001220                I2C2_EV_IRQHandler
                0x0000000008001220                DMA1_Stream2_IRQHandler
                0x0000000008001220                CAN1_RX0_IRQHandler
                0x0000000008001220                FPU_IRQHandler
                0x0000000008001220                OTG_HS_WKUP_IRQHandler
                0x0000000008001220                CAN2_SCE_IRQHandler
                0x0000000008001220                DMA2_Stream2_IRQHandler
                0x0000000008001220                SPI1_IRQHandler
                0x0000000008001220                TIM1_BRK_TIM9_IRQHandler
                0x0000000008001220                DCMI_IRQHandler
                0x0000000008001220                CAN2_RX0_IRQHandler
                0x0000000008001220                DMA2_Stream3_IRQHandler
                0x0000000008001220                USART6_IRQHandler
                0x0000000008001220                USART3_IRQHandler
                0x0000000008001220                CAN1_RX1_IRQHandler
                0x0000000008001220                UART5_IRQHandler
                0x0000000008001220                DMA2_Stream0_IRQHandler
                0x0000000008001220                TIM4_IRQHandler
                0x0000000008001220                I2C1_EV_IRQHandler
                0x0000000008001220                DMA1_Stream6_IRQHandler
                0x0000000008001220                DMA1_Stream1_IRQHandler
                0x0000000008001220                UART4_IRQHandler
                0x0000000008001220                TIM3_IRQHandler
                0x0000000008001220                RCC_IRQHandler
                0x0000000008001220                TIM8_BRK_TIM12_IRQHandler
                0x0000000008001220                Default_Handler
                0x0000000008001220                EXTI15_10_IRQHandler
                0x0000000008001220                ADC_IRQHandler
                0x0000000008001220                DMA1_Stream7_IRQHandler
                0x0000000008001220                TIM7_IRQHandler
                0x0000000008001220                CAN2_TX_IRQHandler
                0x0000000008001220                TIM5_IRQHandler
                0x0000000008001220                DMA2_Stream7_IRQHandler
                0x0000000008001220                I2C3_EV_IRQHandler
                0x0000000008001220                EXTI9_5_IRQHandler
                0x0000000008001220                RTC_WKUP_IRQHandler
                0x0000000008001220                ETH_WKUP_IRQHandler
                0x0000000008001220                SPI2_IRQHandler
                0x0000000008001220                OTG_HS_EP1_IN_IRQHandler
                0x0000000008001220                DMA1_Stream0_IRQHandler
                0x0000000008001220                CAN1_TX_IRQHandler
                0x0000000008001220                EXTI4_IRQHandler
                0x0000000008001220                FSMC_IRQHandler
                0x0000000008001220                ETH_IRQHandler
                0x0000000008001220                OTG_HS_EP1_OUT_IRQHandler
                0x0000000008001220                WWDG_IRQHandler
                0x0000000008001220                TIM2_IRQHandler
                0x0000000008001220                OTG_FS_WKUP_IRQHandler
                0x0000000008001220                TIM1_TRG_COM_TIM11_IRQHandler
                0x0000000008001220                OTG_HS_IRQHandler
                0x0000000008001220                EXTI1_IRQHandler
                0x0000000008001220                I2C2_ER_IRQHandler
                0x0000000008001220                DMA2_Stream1_IRQHandler
                0x0000000008001220                CAN1_SCE_IRQHandler
                0x0000000008001220                FLASH_IRQHandler
                0x0000000008001220                DMA2_Stream4_IRQHandler
                0x0000000008001220                USART1_IRQHandler
                0x0000000008001220                OTG_FS_IRQHandler
                0x0000000008001220                SPI3_IRQHandler
                0x0000000008001220                DMA1_Stream4_IRQHandler
                0x0000000008001220                I2C1_ER_IRQHandler
                0x0000000008001220                DMA2_Stream6_IRQHandler
                0x0000000008001220                DMA1_Stream3_IRQHandler
 *fill*         0x0000000008001222        0x2 
 .text.HAL_Init
                0x0000000008001224       0x44 ./Drivers/STM32F4xx_HAL_Driver/Src/stm32f4xx_hal.o
                0x0000000008001224                HAL_Init
 .text.HAL_IncTick
                0x0000000008001268       0x28 ./Drivers/STM32F4xx_HAL_Driver/Src/stm32f4xx_hal.o
                0x0000000008001268                HAL_IncTick
 .text.HAL_GetTick
                0x0000000008001290       0x18 ./Drivers/STM32F4xx_HAL_Driver/Src/stm32f4xx_hal.o
                0x0000000008001290                HAL_GetTick
 .text.__NVIC_SetPriorityGrouping
                0x00000000080012a8       0x48 ./Drivers/STM32F4xx_HAL_Driver/Src/stm32f4xx_hal_cortex.o
 .text.__NVIC_GetPriorityGrouping
                0x00000000080012f0       0x1c ./Drivers/STM32F4xx_HAL_Driver/Src/stm32f4xx_hal_cortex.o
 .text.__NVIC_EnableIRQ
                0x000000000800130c       0x3c ./Drivers/STM32F4xx_HAL_Driver/Src/stm32f4xx_hal_cortex.o
 .text.__NVIC_SetPriority
                0x0000000008001348       0x54 ./Drivers/STM32F4xx_HAL_Driver/Src/stm32f4xx_hal_cortex.o
 .text.NVIC_EncodePriority
                0x000000000800139c       0x66 ./Drivers/STM32F4xx_HAL_Driver/Src/stm32f4xx_hal_cortex.o
 .text.HAL_NVIC_SetPriorityGrouping
                0x0000000008001402       0x16 ./Drivers/STM32F4xx_HAL_Driver/Src/stm32f4xx_hal_cortex.o
                0x0000000008001402                HAL_NVIC_SetPriorityGrouping
 .text.HAL_NVIC_SetPriority
                0x0000000008001418       0x38 ./Drivers/STM32F4xx_HAL_Driver/Src/stm32f4xx_hal_cortex.o
                0x0000000008001418                HAL_NVIC_SetPriority
 .text.HAL_NVIC_EnableIRQ
                0x0000000008001450       0x1c ./Drivers/STM32F4xx_HAL_Driver/Src/stm32f4xx_hal_cortex.o
                0x0000000008001450                HAL_NVIC_EnableIRQ
 .text.HAL_DMA_Abort
                0x000000000800146c       0xe0 ./Drivers/STM32F4xx_HAL_Driver/Src/stm32f4xx_hal_dma.o
                0x000000000800146c                HAL_DMA_Abort
 .text.HAL_DMA_Abort_IT
                0x000000000800154c       0x44 ./Drivers/STM32F4xx_HAL_Driver/Src/stm32f4xx_hal_dma.o
                0x000000000800154c                HAL_DMA_Abort_IT
 .text.HAL_GPIO_Init
                0x0000000008001590      0x338 ./Drivers/STM32F4xx_HAL_Driver/Src/stm32f4xx_hal_gpio.o
                0x0000000008001590                HAL_GPIO_Init
 .text.HAL_GPIO_WritePin
                0x00000000080018c8       0x32 ./Drivers/STM32F4xx_HAL_Driver/Src/stm32f4xx_hal_gpio.o
                0x00000000080018c8                HAL_GPIO_WritePin
 *fill*         0x00000000080018fa        0x2 
 .text.HAL_RCC_OscConfig
                0x00000000080018fc      0x4f0 ./Drivers/STM32F4xx_HAL_Driver/Src/stm32f4xx_hal_rcc.o
                0x00000000080018fc                HAL_RCC_OscConfig
 .text.HAL_RCC_ClockConfig
                0x0000000008001dec      0x1cc ./Drivers/STM32F4xx_HAL_Driver/Src/stm32f4xx_hal_rcc.o
                0x0000000008001dec                HAL_RCC_ClockConfig
 .text.HAL_RCC_GetSysClockFreq
                0x0000000008001fb8      0x20c ./Drivers/STM32F4xx_HAL_Driver/Src/stm32f4xx_hal_rcc.o
                0x0000000008001fb8                HAL_RCC_GetSysClockFreq
 .text.HAL_RCC_GetHCLKFreq
                0x00000000080021c4       0x18 ./Drivers/STM32F4xx_HAL_Driver/Src/stm32f4xx_hal_rcc.o
                0x00000000080021c4                HAL_RCC_GetHCLKFreq
 .text.HAL_RCC_GetPCLK1Freq
                0x00000000080021dc       0x28 ./Drivers/STM32F4xx_HAL_Driver/Src/stm32f4xx_hal_rcc.o
                0x00000000080021dc                HAL_RCC_GetPCLK1Freq
 .text.HAL_RCC_GetPCLK2Freq
                0x0000000008002204       0x28 ./Drivers/STM32F4xx_HAL_Driver/Src/stm32f4xx_hal_rcc.o
                0x0000000008002204                HAL_RCC_GetPCLK2Freq
 .text.HAL_RCC_GetClockConfig
                0x000000000800222c       0x64 ./Drivers/STM32F4xx_HAL_Driver/Src/stm32f4xx_hal_rcc.o
                0x000000000800222c                HAL_RCC_GetClockConfig
 .text.HAL_RCCEx_PeriphCLKConfig
                0x0000000008002290      0x1c4 ./Drivers/STM32F4xx_HAL_Driver/Src/stm32f4xx_hal_rcc_ex.o
                0x0000000008002290                HAL_RCCEx_PeriphCLKConfig
 .text.HAL_RTC_Init
                0x0000000008002454       0xec ./Drivers/STM32F4xx_HAL_Driver/Src/stm32f4xx_hal_rtc.o
                0x0000000008002454                HAL_RTC_Init
 .text.HAL_RTC_WaitForSynchro
                0x0000000008002540       0x50 ./Drivers/STM32F4xx_HAL_Driver/Src/stm32f4xx_hal_rtc.o
                0x0000000008002540                HAL_RTC_WaitForSynchro
 .text.RTC_EnterInitMode
                0x0000000008002590       0x6e ./Drivers/STM32F4xx_HAL_Driver/Src/stm32f4xx_hal_rtc.o
                0x0000000008002590                RTC_EnterInitMode
 .text.RTC_ExitInitMode
                0x00000000080025fe       0x4a ./Drivers/STM32F4xx_HAL_Driver/Src/stm32f4xx_hal_rtc.o
                0x00000000080025fe                RTC_ExitInitMode
 .text.HAL_TIM_Base_Init
                0x0000000008002648       0x9e ./Drivers/STM32F4xx_HAL_Driver/Src/stm32f4xx_hal_tim.o
                0x0000000008002648                HAL_TIM_Base_Init
 .text.HAL_TIM_Base_MspInit
                0x00000000080026e6       0x14 ./Drivers/STM32F4xx_HAL_Driver/Src/stm32f4xx_hal_tim.o
                0x00000000080026e6                HAL_TIM_Base_MspInit
 *fill*         0x00000000080026fa        0x2 
 .text.HAL_TIM_Base_Start_IT
                0x00000000080026fc       0xe0 ./Drivers/STM32F4xx_HAL_Driver/Src/stm32f4xx_hal_tim.o
                0x00000000080026fc                HAL_TIM_Base_Start_IT
 .text.HAL_TIM_IRQHandler
                0x00000000080027dc      0x210 ./Drivers/STM32F4xx_HAL_Driver/Src/stm32f4xx_hal_tim.o
                0x00000000080027dc                HAL_TIM_IRQHandler
 .text.HAL_TIM_OC_DelayElapsedCallback
                0x00000000080029ec       0x14 ./Drivers/STM32F4xx_HAL_Driver/Src/stm32f4xx_hal_tim.o
                0x00000000080029ec                HAL_TIM_OC_DelayElapsedCallback
 .text.HAL_TIM_IC_CaptureCallback
                0x0000000008002a00       0x14 ./Drivers/STM32F4xx_HAL_Driver/Src/stm32f4xx_hal_tim.o
                0x0000000008002a00                HAL_TIM_IC_CaptureCallback
 .text.HAL_TIM_PWM_PulseFinishedCallback
                0x0000000008002a14       0x14 ./Drivers/STM32F4xx_HAL_Driver/Src/stm32f4xx_hal_tim.o
                0x0000000008002a14                HAL_TIM_PWM_PulseFinishedCallback
 .text.HAL_TIM_TriggerCallback
                0x0000000008002a28       0x14 ./Drivers/STM32F4xx_HAL_Driver/Src/stm32f4xx_hal_tim.o
                0x0000000008002a28                HAL_TIM_TriggerCallback
 .text.TIM_Base_SetConfig
                0x0000000008002a3c      0x140 ./Drivers/STM32F4xx_HAL_Driver/Src/stm32f4xx_hal_tim.o
                0x0000000008002a3c                TIM_Base_SetConfig
 .text.HAL_TIMEx_CommutCallback
                0x0000000008002b7c       0x14 ./Drivers/STM32F4xx_HAL_Driver/Src/stm32f4xx_hal_tim_ex.o
                0x0000000008002b7c                HAL_TIMEx_CommutCallback
 .text.HAL_TIMEx_BreakCallback
                0x0000000008002b90       0x14 ./Drivers/STM32F4xx_HAL_Driver/Src/stm32f4xx_hal_tim_ex.o
                0x0000000008002b90                HAL_TIMEx_BreakCallback
 .text.HAL_UART_Init
                0x0000000008002ba4       0x9a ./Drivers/STM32F4xx_HAL_Driver/Src/stm32f4xx_hal_uart.o
                0x0000000008002ba4                HAL_UART_Init
 .text.HAL_UART_Receive_IT
                0x0000000008002c3e       0x60 ./Drivers/STM32F4xx_HAL_Driver/Src/stm32f4xx_hal_uart.o
                0x0000000008002c3e                HAL_UART_Receive_IT
 *fill*         0x0000000008002c9e        0x2 
 .text.HAL_UART_IRQHandler
                0x0000000008002ca0      0x51c ./Drivers/STM32F4xx_HAL_Driver/Src/stm32f4xx_hal_uart.o
                0x0000000008002ca0                HAL_UART_IRQHandler
 .text.HAL_UART_TxCpltCallback
                0x00000000080031bc       0x14 ./Drivers/STM32F4xx_HAL_Driver/Src/stm32f4xx_hal_uart.o
                0x00000000080031bc                HAL_UART_TxCpltCallback
 .text.HAL_UART_ErrorCallback
                0x00000000080031d0       0x14 ./Drivers/STM32F4xx_HAL_Driver/Src/stm32f4xx_hal_uart.o
                0x00000000080031d0                HAL_UART_ErrorCallback
 .text.HAL_UARTEx_RxEventCallback
                0x00000000080031e4       0x18 ./Drivers/STM32F4xx_HAL_Driver/Src/stm32f4xx_hal_uart.o
                0x00000000080031e4                HAL_UARTEx_RxEventCallback
 .text.UART_Start_Receive_IT
                0x00000000080031fc       0x7c ./Drivers/STM32F4xx_HAL_Driver/Src/stm32f4xx_hal_uart.o
                0x00000000080031fc                UART_Start_Receive_IT
 .text.UART_EndRxTransfer
                0x0000000008003278       0xc6 ./Drivers/STM32F4xx_HAL_Driver/Src/stm32f4xx_hal_uart.o
 .text.UART_DMAAbortOnError
                0x000000000800333e       0x28 ./Drivers/STM32F4xx_HAL_Driver/Src/stm32f4xx_hal_uart.o
 .text.UART_Transmit_IT
                0x0000000008003366       0xa0 ./Drivers/STM32F4xx_HAL_Driver/Src/stm32f4xx_hal_uart.o
 .text.UART_EndTransmit_IT
                0x0000000008003406       0x30 ./Drivers/STM32F4xx_HAL_Driver/Src/stm32f4xx_hal_uart.o
 .text.UART_Receive_IT
                0x0000000008003436      0x176 ./Drivers/STM32F4xx_HAL_Driver/Src/stm32f4xx_hal_uart.o
 .text.UART_SetConfig
                0x00000000080035ac      0x4e8 ./Drivers/STM32F4xx_HAL_Driver/Src/stm32f4xx_hal_uart.o
 .text.vListInitialise
                0x0000000008003a94       0x40 ./workable_common/ThirdParty/FreeRTOS/list.o
                0x0000000008003a94                vListInitialise
 .text.vListInitialiseItem
                0x0000000008003ad4       0x1a ./workable_common/ThirdParty/FreeRTOS/list.o
                0x0000000008003ad4                vListInitialiseItem
 .text.vListInsertEnd
                0x0000000008003aee       0x48 ./workable_common/ThirdParty/FreeRTOS/list.o
                0x0000000008003aee                vListInsertEnd
 .text.vListInsert
                0x0000000008003b36       0x72 ./workable_common/ThirdParty/FreeRTOS/list.o
                0x0000000008003b36                vListInsert
 .text.uxListRemove
                0x0000000008003ba8       0x54 ./workable_common/ThirdParty/FreeRTOS/list.o
                0x0000000008003ba8                uxListRemove
 .text.xQueueGenericReset
                0x0000000008003bfc       0xd0 ./workable_common/ThirdParty/FreeRTOS/queue.o
                0x0000000008003bfc                xQueueGenericReset
 .text.xQueueGenericCreate
                0x0000000008003ccc       0xbe ./workable_common/ThirdParty/FreeRTOS/queue.o
                0x0000000008003ccc                xQueueGenericCreate
 .text.prvInitialiseNewQueue
                0x0000000008003d8a       0x46 ./workable_common/ThirdParty/FreeRTOS/queue.o
 .text.xQueueGenericSend
                0x0000000008003dd0      0x1fc ./workable_common/ThirdParty/FreeRTOS/queue.o
                0x0000000008003dd0                xQueueGenericSend
 .text.xQueueGenericSendFromISR
                0x0000000008003fcc      0x154 ./workable_common/ThirdParty/FreeRTOS/queue.o
                0x0000000008003fcc                xQueueGenericSendFromISR
 .text.xQueueReceive
                0x0000000008004120      0x1c0 ./workable_common/ThirdParty/FreeRTOS/queue.o
                0x0000000008004120                xQueueReceive
 .text.xQueueReceiveFromISR
                0x00000000080042e0      0x11e ./workable_common/ThirdParty/FreeRTOS/queue.o
                0x00000000080042e0                xQueueReceiveFromISR
 .text.uxQueueMessagesWaiting
                0x00000000080043fe       0x3c ./workable_common/ThirdParty/FreeRTOS/queue.o
                0x00000000080043fe                uxQueueMessagesWaiting
 .text.prvCopyDataToQueue
                0x000000000800443a       0xd4 ./workable_common/ThirdParty/FreeRTOS/queue.o
 .text.prvCopyDataFromQueue
                0x000000000800450e       0x4c ./workable_common/ThirdParty/FreeRTOS/queue.o
 .text.prvUnlockQueue
                0x000000000800455a       0xa4 ./workable_common/ThirdParty/FreeRTOS/queue.o
 .text.prvIsQueueEmpty
                0x00000000080045fe       0x2c ./workable_common/ThirdParty/FreeRTOS/queue.o
 .text.prvIsQueueFull
                0x000000000800462a       0x30 ./workable_common/ThirdParty/FreeRTOS/queue.o
 .text.xQueueIsQueueFullFromISR
                0x000000000800465a       0x4c ./workable_common/ThirdParty/FreeRTOS/queue.o
                0x000000000800465a                xQueueIsQueueFullFromISR
 *fill*         0x00000000080046a6        0x2 
 .text.vQueueAddToRegistry
                0x00000000080046a8       0x54 ./workable_common/ThirdParty/FreeRTOS/queue.o
                0x00000000080046a8                vQueueAddToRegistry
 .text.vQueueWaitForMessageRestricted
                0x00000000080046fc       0x68 ./workable_common/ThirdParty/FreeRTOS/queue.o
                0x00000000080046fc                vQueueWaitForMessageRestricted
 .text.xTaskCreate
                0x0000000008004764       0x82 ./workable_common/ThirdParty/FreeRTOS/tasks.o
                0x0000000008004764                xTaskCreate
 .text.prvInitialiseNewTask
                0x00000000080047e6      0x12c ./workable_common/ThirdParty/FreeRTOS/tasks.o
 *fill*         0x0000000008004912        0x2 
 .text.prvAddNewTaskToReadyList
                0x0000000008004914       0xdc ./workable_common/ThirdParty/FreeRTOS/tasks.o
 .text.vTaskStartScheduler
                0x00000000080049f0       0xa4 ./workable_common/ThirdParty/FreeRTOS/tasks.o
                0x00000000080049f0                vTaskStartScheduler
 .text.vTaskSuspendAll
                0x0000000008004a94       0x1c ./workable_common/ThirdParty/FreeRTOS/tasks.o
                0x0000000008004a94                vTaskSuspendAll
 .text.xTaskResumeAll
                0x0000000008004ab0      0x138 ./workable_common/ThirdParty/FreeRTOS/tasks.o
                0x0000000008004ab0                xTaskResumeAll
 .text.xTaskGetTickCount
                0x0000000008004be8       0x20 ./workable_common/ThirdParty/FreeRTOS/tasks.o
                0x0000000008004be8                xTaskGetTickCount
 .text.xTaskIncrementTick
                0x0000000008004c08      0x170 ./workable_common/ThirdParty/FreeRTOS/tasks.o
                0x0000000008004c08                xTaskIncrementTick
 .text.vTaskSwitchContext
                0x0000000008004d78       0xb8 ./workable_common/ThirdParty/FreeRTOS/tasks.o
                0x0000000008004d78                vTaskSwitchContext
 .text.vTaskPlaceOnEventList
                0x0000000008004e30       0x48 ./workable_common/ThirdParty/FreeRTOS/tasks.o
                0x0000000008004e30                vTaskPlaceOnEventList
 .text.vTaskPlaceOnEventListRestricted
                0x0000000008004e78       0x58 ./workable_common/ThirdParty/FreeRTOS/tasks.o
                0x0000000008004e78                vTaskPlaceOnEventListRestricted
 .text.xTaskRemoveFromEventList
                0x0000000008004ed0       0xc4 ./workable_common/ThirdParty/FreeRTOS/tasks.o
                0x0000000008004ed0                xTaskRemoveFromEventList
 .text.vTaskInternalSetTimeOutState
                0x0000000008004f94       0x2c ./workable_common/ThirdParty/FreeRTOS/tasks.o
                0x0000000008004f94                vTaskInternalSetTimeOutState
 .text.xTaskCheckForTimeOut
                0x0000000008004fc0       0xcc ./workable_common/ThirdParty/FreeRTOS/tasks.o
                0x0000000008004fc0                xTaskCheckForTimeOut
 .text.vTaskMissedYield
                0x000000000800508c       0x18 ./workable_common/ThirdParty/FreeRTOS/tasks.o
                0x000000000800508c                vTaskMissedYield
 .text.prvIdleTask
                0x00000000080050a4       0x30 ./workable_common/ThirdParty/FreeRTOS/tasks.o
 .text.prvInitialiseTaskLists
                0x00000000080050d4       0x80 ./workable_common/ThirdParty/FreeRTOS/tasks.o
 .text.prvCheckTasksWaitingTermination
                0x0000000008005154       0x5c ./workable_common/ThirdParty/FreeRTOS/tasks.o
 .text.prvDeleteTCB
                0x00000000080051b0       0x20 ./workable_common/ThirdParty/FreeRTOS/tasks.o
 .text.prvResetNextTaskUnblockTime
                0x00000000080051d0       0x38 ./workable_common/ThirdParty/FreeRTOS/tasks.o
 .text.xTaskGetSchedulerState
                0x0000000008005208       0x3c ./workable_common/ThirdParty/FreeRTOS/tasks.o
                0x0000000008005208                xTaskGetSchedulerState
 .text.xTaskPriorityDisinherit
                0x0000000008005244       0xf4 ./workable_common/ThirdParty/FreeRTOS/tasks.o
                0x0000000008005244                xTaskPriorityDisinherit
 .text.xTaskGenericNotifyWait
                0x0000000008005338      0x100 ./workable_common/ThirdParty/FreeRTOS/tasks.o
                0x0000000008005338                xTaskGenericNotifyWait
 .text.xTaskGenericNotify
                0x0000000008005438      0x1c0 ./workable_common/ThirdParty/FreeRTOS/tasks.o
                0x0000000008005438                xTaskGenericNotify
 .text.xTaskGenericNotifyFromISR
                0x00000000080055f8      0x204 ./workable_common/ThirdParty/FreeRTOS/tasks.o
                0x00000000080055f8                xTaskGenericNotifyFromISR
 .text.prvAddCurrentTaskToDelayedList
                0x00000000080057fc       0xcc ./workable_common/ThirdParty/FreeRTOS/tasks.o
 .text.xTimerCreateTimerTask
                0x00000000080058c8       0x64 ./workable_common/ThirdParty/FreeRTOS/timers.o
                0x00000000080058c8                xTimerCreateTimerTask
 .text.xTimerGenericCommand
                0x000000000800592c       0x9c ./workable_common/ThirdParty/FreeRTOS/timers.o
                0x000000000800592c                xTimerGenericCommand
 .text.prvProcessExpiredTimer
                0x00000000080059c8       0x98 ./workable_common/ThirdParty/FreeRTOS/timers.o
 .text.prvTimerTask
                0x0000000008005a60       0x24 ./workable_common/ThirdParty/FreeRTOS/timers.o
 .text.prvProcessTimerOrBlockTask
                0x0000000008005a84       0x9c ./workable_common/ThirdParty/FreeRTOS/timers.o
 .text.prvGetNextExpireTime
                0x0000000008005b20       0x48 ./workable_common/ThirdParty/FreeRTOS/timers.o
 .text.prvSampleTimeNow
                0x0000000008005b68       0x40 ./workable_common/ThirdParty/FreeRTOS/timers.o
 .text.prvInsertTimerInActiveList
                0x0000000008005ba8       0x84 ./workable_common/ThirdParty/FreeRTOS/timers.o
 .text.prvProcessReceivedCommands
                0x0000000008005c2c      0x18c ./workable_common/ThirdParty/FreeRTOS/timers.o
 .text.prvSwitchTimerLists
                0x0000000008005db8       0xc8 ./workable_common/ThirdParty/FreeRTOS/timers.o
 .text.prvCheckForValidListAndQueue
                0x0000000008005e80       0x6c ./workable_common/ThirdParty/FreeRTOS/timers.o
 .text.pxPortInitialiseStack
                0x0000000008005eec       0x68 ./workable_common/ThirdParty/FreeRTOS/portable/GCC/ARM_CM4F/port.o
                0x0000000008005eec                pxPortInitialiseStack
 .text.prvTaskExitError
                0x0000000008005f54       0x58 ./workable_common/ThirdParty/FreeRTOS/portable/GCC/ARM_CM4F/port.o
 *fill*         0x0000000008005fac        0x4 
 .text.SVC_Handler
                0x0000000008005fb0       0x28 ./workable_common/ThirdParty/FreeRTOS/portable/GCC/ARM_CM4F/port.o
                0x0000000008005fb0                SVC_Handler
 .text.prvPortStartFirstTask
                0x0000000008005fd8       0x2c ./workable_common/ThirdParty/FreeRTOS/portable/GCC/ARM_CM4F/port.o
 .text.xPortStartScheduler
                0x0000000008006004      0x144 ./workable_common/ThirdParty/FreeRTOS/portable/GCC/ARM_CM4F/port.o
                0x0000000008006004                xPortStartScheduler
 .text.vInitPrioGroupValue
                0x0000000008006148       0xfc ./workable_common/ThirdParty/FreeRTOS/portable/GCC/ARM_CM4F/port.o
                0x0000000008006148                vInitPrioGroupValue
 .text.vPortEnterCritical
                0x0000000008006244       0x60 ./workable_common/ThirdParty/FreeRTOS/portable/GCC/ARM_CM4F/port.o
                0x0000000008006244                vPortEnterCritical
 .text.vPortExitCritical
                0x00000000080062a4       0x54 ./workable_common/ThirdParty/FreeRTOS/portable/GCC/ARM_CM4F/port.o
                0x00000000080062a4                vPortExitCritical
 *fill*         0x00000000080062f8        0x8 
 .text.PendSV_Handler
                0x0000000008006300       0x68 ./workable_common/ThirdParty/FreeRTOS/portable/GCC/ARM_CM4F/port.o
                0x0000000008006300                PendSV_Handler
 .text.SysTick_Handler
                0x0000000008006368       0x44 ./workable_common/ThirdParty/FreeRTOS/portable/GCC/ARM_CM4F/port.o
                0x0000000008006368                SysTick_Handler
 .text.vPortSetupTimerInterrupt
                0x00000000080063ac       0x48 ./workable_common/ThirdParty/FreeRTOS/portable/GCC/ARM_CM4F/port.o
                0x00000000080063ac                vPortSetupTimerInterrupt
 .text.vPortEnableVFP
                0x00000000080063f4       0x18 ./workable_common/ThirdParty/FreeRTOS/portable/GCC/ARM_CM4F/port.o
 .text.vPortValidateInterruptPriority
                0x000000000800640c       0x80 ./workable_common/ThirdParty/FreeRTOS/portable/GCC/ARM_CM4F/port.o
                0x000000000800640c                vPortValidateInterruptPriority
 .text.pvPortMalloc
                0x000000000800648c      0x1c0 ./workable_common/ThirdParty/FreeRTOS/portable/MemMang/heap_4.o
                0x000000000800648c                pvPortMalloc
 .text.vPortFree
                0x000000000800664c       0xc4 ./workable_common/ThirdParty/FreeRTOS/portable/MemMang/heap_4.o
                0x000000000800664c                vPortFree
 .text.prvHeapInit
                0x0000000008006710       0xc4 ./workable_common/ThirdParty/FreeRTOS/portable/MemMang/heap_4.o
 .text.prvInsertBlockIntoFreeList
                0x00000000080067d4       0xb4 ./workable_common/ThirdParty/FreeRTOS/portable/MemMang/heap_4.o
 .text.__libc_init_array
                0x0000000008006888       0x48 c:/st/stm32cubeide_1.10.1/stm32cubeide/plugins/com.st.stm32cube.ide.mcu.externaltools.gnu-tools-for-stm32.10.3-2021.10.win32_1.0.0.202111181127/tools/bin/../lib/gcc/arm-none-eabi/10.3.1/../../../../arm-none-eabi/lib/thumb/v7e-m+fp/hard\libc_nano.a(lib_a-init.o)
                0x0000000008006888                __libc_init_array
 .text.memcpy   0x00000000080068d0       0x1c c:/st/stm32cubeide_1.10.1/stm32cubeide/plugins/com.st.stm32cube.ide.mcu.externaltools.gnu-tools-for-stm32.10.3-2021.10.win32_1.0.0.202111181127/tools/bin/../lib/gcc/arm-none-eabi/10.3.1/../../../../arm-none-eabi/lib/thumb/v7e-m+fp/hard\libc_nano.a(lib_a-memcpy-stub.o)
                0x00000000080068d0                memcpy
 .text.memset   0x00000000080068ec       0x10 c:/st/stm32cubeide_1.10.1/stm32cubeide/plugins/com.st.stm32cube.ide.mcu.externaltools.gnu-tools-for-stm32.10.3-2021.10.win32_1.0.0.202111181127/tools/bin/../lib/gcc/arm-none-eabi/10.3.1/../../../../arm-none-eabi/lib/thumb/v7e-m+fp/hard\libc_nano.a(lib_a-memset.o)
                0x00000000080068ec                memset
 *(.glue_7)
 .glue_7        0x00000000080068fc        0x0 linker stubs
 *(.glue_7t)
 .glue_7t       0x00000000080068fc        0x0 linker stubs
 *(.eh_frame)
 .eh_frame      0x00000000080068fc        0x0 c:/st/stm32cubeide_1.10.1/stm32cubeide/plugins/com.st.stm32cube.ide.mcu.externaltools.gnu-tools-for-stm32.10.3-2021.10.win32_1.0.0.202111181127/tools/bin/../lib/gcc/arm-none-eabi/10.3.1/thumb/v7e-m+fp/hard/crtbegin.o
 *(.init)
 .init          0x00000000080068fc        0x4 c:/st/stm32cubeide_1.10.1/stm32cubeide/plugins/com.st.stm32cube.ide.mcu.externaltools.gnu-tools-for-stm32.10.3-2021.10.win32_1.0.0.202111181127/tools/bin/../lib/gcc/arm-none-eabi/10.3.1/thumb/v7e-m+fp/hard/crti.o
                0x00000000080068fc                _init
 .init          0x0000000008006900        0x8 c:/st/stm32cubeide_1.10.1/stm32cubeide/plugins/com.st.stm32cube.ide.mcu.externaltools.gnu-tools-for-stm32.10.3-2021.10.win32_1.0.0.202111181127/tools/bin/../lib/gcc/arm-none-eabi/10.3.1/thumb/v7e-m+fp/hard/crtn.o
 *(.fini)
 .fini          0x0000000008006908        0x4 c:/st/stm32cubeide_1.10.1/stm32cubeide/plugins/com.st.stm32cube.ide.mcu.externaltools.gnu-tools-for-stm32.10.3-2021.10.win32_1.0.0.202111181127/tools/bin/../lib/gcc/arm-none-eabi/10.3.1/thumb/v7e-m+fp/hard/crti.o
                0x0000000008006908                _fini
 .fini          0x000000000800690c        0x8 c:/st/stm32cubeide_1.10.1/stm32cubeide/plugins/com.st.stm32cube.ide.mcu.externaltools.gnu-tools-for-stm32.10.3-2021.10.win32_1.0.0.202111181127/tools/bin/../lib/gcc/arm-none-eabi/10.3.1/thumb/v7e-m+fp/hard/crtn.o
                0x0000000008006914                . = ALIGN (0x4)
                0x0000000008006914                _etext = .

.vfp11_veneer   0x0000000008006914        0x0
 .vfp11_veneer  0x0000000008006914        0x0 linker stubs

.v4_bx          0x0000000008006914        0x0
 .v4_bx         0x0000000008006914        0x0 linker stubs

.iplt           0x0000000008006914        0x0
 .iplt          0x0000000008006914        0x0 c:/st/stm32cubeide_1.10.1/stm32cubeide/plugins/com.st.stm32cube.ide.mcu.externaltools.gnu-tools-for-stm32.10.3-2021.10.win32_1.0.0.202111181127/tools/bin/../lib/gcc/arm-none-eabi/10.3.1/thumb/v7e-m+fp/hard/crtbegin.o

.rodata         0x0000000008006914      0x1b8
                0x0000000008006914                . = ALIGN (0x4)
 *(.rodata)
 .rodata        0x0000000008006914       0x20 ./Core/Src/main.o
 .rodata        0x0000000008006934      0x167 ./Core/Src/task_handler.o
 *fill*         0x0000000008006a9b        0x1 
 .rodata        0x0000000008006a9c        0x5 ./workable_common/ThirdParty/FreeRTOS/tasks.o
 *fill*         0x0000000008006aa1        0x3 
 .rodata        0x0000000008006aa4        0xd ./workable_common/ThirdParty/FreeRTOS/timers.o
 *(.rodata*)
 *fill*         0x0000000008006ab1        0x3 
 .rodata.AHBPrescTable
                0x0000000008006ab4       0x10 ./Core/Src/system_stm32f4xx.o
                0x0000000008006ab4                AHBPrescTable
 .rodata.APBPrescTable
                0x0000000008006ac4        0x8 ./Core/Src/system_stm32f4xx.o
                0x0000000008006ac4                APBPrescTable
                0x0000000008006acc                . = ALIGN (0x4)

.ARM.extab      0x0000000008006acc        0x0
                0x0000000008006acc                . = ALIGN (0x4)
 *(.ARM.extab* .gnu.linkonce.armextab.*)
                0x0000000008006acc                . = ALIGN (0x4)

.ARM            0x0000000008006acc        0x8
                0x0000000008006acc                . = ALIGN (0x4)
                0x0000000008006acc                __exidx_start = .
 *(.ARM.exidx*)
 .ARM.exidx     0x0000000008006acc        0x8 c:/st/stm32cubeide_1.10.1/stm32cubeide/plugins/com.st.stm32cube.ide.mcu.externaltools.gnu-tools-for-stm32.10.3-2021.10.win32_1.0.0.202111181127/tools/bin/../lib/gcc/arm-none-eabi/10.3.1/thumb/v7e-m+fp/hard\libgcc.a(_udivmoddi4.o)
                0x0000000008006ad4                __exidx_end = .
                0x0000000008006ad4                . = ALIGN (0x4)

.rel.dyn        0x0000000008006ad4        0x0
 .rel.iplt      0x0000000008006ad4        0x0 c:/st/stm32cubeide_1.10.1/stm32cubeide/plugins/com.st.stm32cube.ide.mcu.externaltools.gnu-tools-for-stm32.10.3-2021.10.win32_1.0.0.202111181127/tools/bin/../lib/gcc/arm-none-eabi/10.3.1/thumb/v7e-m+fp/hard/crtbegin.o

.preinit_array  0x0000000008006ad4        0x0
                0x0000000008006ad4                . = ALIGN (0x4)
                0x0000000008006ad4                PROVIDE (__preinit_array_start = .)
 *(.preinit_array*)
                0x0000000008006ad4                PROVIDE (__preinit_array_end = .)
                0x0000000008006ad4                . = ALIGN (0x4)

.init_array     0x0000000008006ad4        0x4
                0x0000000008006ad4                . = ALIGN (0x4)
                0x0000000008006ad4                PROVIDE (__init_array_start = .)
 *(SORT_BY_NAME(.init_array.*))
 *(.init_array*)
 .init_array    0x0000000008006ad4        0x4 c:/st/stm32cubeide_1.10.1/stm32cubeide/plugins/com.st.stm32cube.ide.mcu.externaltools.gnu-tools-for-stm32.10.3-2021.10.win32_1.0.0.202111181127/tools/bin/../lib/gcc/arm-none-eabi/10.3.1/thumb/v7e-m+fp/hard/crtbegin.o
                0x0000000008006ad8                PROVIDE (__init_array_end = .)
                0x0000000008006ad8                . = ALIGN (0x4)

.fini_array     0x0000000008006ad8        0x4
                0x0000000008006ad8                . = ALIGN (0x4)
                [!provide]                        PROVIDE (__fini_array_start = .)
 *(SORT_BY_NAME(.fini_array.*))
 *(.fini_array*)
 .fini_array    0x0000000008006ad8        0x4 c:/st/stm32cubeide_1.10.1/stm32cubeide/plugins/com.st.stm32cube.ide.mcu.externaltools.gnu-tools-for-stm32.10.3-2021.10.win32_1.0.0.202111181127/tools/bin/../lib/gcc/arm-none-eabi/10.3.1/thumb/v7e-m+fp/hard/crtbegin.o
                [!provide]                        PROVIDE (__fini_array_end = .)
                0x0000000008006adc                . = ALIGN (0x4)
                0x0000000008006adc                _sidata = LOADADDR (.data)

.data           0x0000000020000000       0x18 load address 0x0000000008006adc
                0x0000000020000000                . = ALIGN (0x4)
                0x0000000020000000                _sdata = .
 *(.data)
 *(.data*)
 .data.SystemCoreClock
                0x0000000020000000        0x4 ./Core/Src/system_stm32f4xx.o
                0x0000000020000000                SystemCoreClock
 .data.msg_inv  0x0000000020000004        0x4 ./Core/Src/task_handler.o
                0x0000000020000004                msg_inv
 .data.uwTickPrio
                0x0000000020000008        0x4 ./Drivers/STM32F4xx_HAL_Driver/Src/stm32f4xx_hal.o
                0x0000000020000008                uwTickPrio
 .data.uwTickFreq
                0x000000002000000c        0x1 ./Drivers/STM32F4xx_HAL_Driver/Src/stm32f4xx_hal.o
                0x000000002000000c                uwTickFreq
 *fill*         0x000000002000000d        0x3 
 .data.uxTopUsedPriority
                0x0000000020000010        0x4 ./workable_common/ThirdParty/FreeRTOS/tasks.o
                0x0000000020000010                uxTopUsedPriority
 .data.uxCriticalNesting
                0x0000000020000014        0x4 ./workable_common/ThirdParty/FreeRTOS/portable/GCC/ARM_CM4F/port.o
 *(.RamFunc)
 *(.RamFunc*)
                0x0000000020000018                . = ALIGN (0x4)
                0x0000000020000018                _edata = .
                0x0000000008006af4                _siccmram = LOADADDR (.ccmram)

.igot.plt       0x0000000020000018        0x0 load address 0x0000000008006af4
 .igot.plt      0x0000000020000018        0x0 c:/st/stm32cubeide_1.10.1/stm32cubeide/plugins/com.st.stm32cube.ide.mcu.externaltools.gnu-tools-for-stm32.10.3-2021.10.win32_1.0.0.202111181127/tools/bin/../lib/gcc/arm-none-eabi/10.3.1/thumb/v7e-m+fp/hard/crtbegin.o

.ccmram         0x0000000010000000        0x0 load address 0x0000000008006af4
                0x0000000010000000                . = ALIGN (0x4)
                0x0000000010000000                _sccmram = .
 *(.ccmram)
 *(.ccmram*)
                0x0000000010000000                . = ALIGN (0x4)
                0x0000000010000000                _eccmram = .
                0x0000000010000000                . = ALIGN (0x4)

.bss            0x0000000020000018    0x12e94
                0x0000000020000018                _sbss = .
                0x0000000020000018                __bss_start__ = _sbss
 *(.bss)
 .bss           0x0000000020000018       0x1c c:/st/stm32cubeide_1.10.1/stm32cubeide/plugins/com.st.stm32cube.ide.mcu.externaltools.gnu-tools-for-stm32.10.3-2021.10.win32_1.0.0.202111181127/tools/bin/../lib/gcc/arm-none-eabi/10.3.1/thumb/v7e-m+fp/hard/crtbegin.o
 *(.bss*)
 .bss.hrtc      0x0000000020000034       0x20 ./Core/Src/main.o
                0x0000000020000034                hrtc
 .bss.huart2    0x0000000020000054       0x44 ./Core/Src/main.o
                0x0000000020000054                huart2
 .bss.menu_task_handle
                0x0000000020000098        0x4 ./Core/Src/main.o
                0x0000000020000098                menu_task_handle
 .bss.led_task_handle
                0x000000002000009c        0x4 ./Core/Src/main.o
                0x000000002000009c                led_task_handle
 .bss.rtc_task_handle
                0x00000000200000a0        0x4 ./Core/Src/main.o
                0x00000000200000a0                rtc_task_handle
 .bss.print_task_handle
                0x00000000200000a4        0x4 ./Core/Src/main.o
                0x00000000200000a4                print_task_handle
 .bss.command_handling_task_handle
                0x00000000200000a8        0x4 ./Core/Src/main.o
                0x00000000200000a8                command_handling_task_handle
 .bss.input_data_queue_handle
                0x00000000200000ac        0x4 ./Core/Src/main.o
                0x00000000200000ac                input_data_queue_handle
 .bss.print_queue_handle
                0x00000000200000b0        0x4 ./Core/Src/main.o
                0x00000000200000b0                print_queue_handle
 .bss.user_data
                0x00000000200000b4        0x1 ./Core/Src/main.o
                0x00000000200000b4                user_data
 .bss.curr_state
                0x00000000200000b5        0x1 ./Core/Src/main.o
                0x00000000200000b5                curr_state
 *fill*         0x00000000200000b6        0x2 
 .bss.htim6     0x00000000200000b8       0x48 ./Core/Src/stm32f4xx_hal_timebase_tim.o
                0x00000000200000b8                htim6
 .bss.uwTick    0x0000000020000100        0x4 ./Drivers/STM32F4xx_HAL_Driver/Src/stm32f4xx_hal.o
                0x0000000020000100                uwTick
 .bss.xQueueRegistry
                0x0000000020000104       0x40 ./workable_common/ThirdParty/FreeRTOS/queue.o
                0x0000000020000104                xQueueRegistry
 .bss.pxCurrentTCB
                0x0000000020000144        0x4 ./workable_common/ThirdParty/FreeRTOS/tasks.o
                0x0000000020000144                pxCurrentTCB
 .bss.pxReadyTasksLists
                0x0000000020000148       0x64 ./workable_common/ThirdParty/FreeRTOS/tasks.o
 .bss.xDelayedTaskList1
                0x00000000200001ac       0x14 ./workable_common/ThirdParty/FreeRTOS/tasks.o
 .bss.xDelayedTaskList2
                0x00000000200001c0       0x14 ./workable_common/ThirdParty/FreeRTOS/tasks.o
 .bss.pxDelayedTaskList
                0x00000000200001d4        0x4 ./workable_common/ThirdParty/FreeRTOS/tasks.o
 .bss.pxOverflowDelayedTaskList
                0x00000000200001d8        0x4 ./workable_common/ThirdParty/FreeRTOS/tasks.o
 .bss.xPendingReadyList
                0x00000000200001dc       0x14 ./workable_common/ThirdParty/FreeRTOS/tasks.o
 .bss.xTasksWaitingTermination
                0x00000000200001f0       0x14 ./workable_common/ThirdParty/FreeRTOS/tasks.o
 .bss.uxDeletedTasksWaitingCleanUp
                0x0000000020000204        0x4 ./workable_common/ThirdParty/FreeRTOS/tasks.o
 .bss.xSuspendedTaskList
                0x0000000020000208       0x14 ./workable_common/ThirdParty/FreeRTOS/tasks.o
 .bss.uxCurrentNumberOfTasks
                0x000000002000021c        0x4 ./workable_common/ThirdParty/FreeRTOS/tasks.o
 .bss.xTickCount
                0x0000000020000220        0x4 ./workable_common/ThirdParty/FreeRTOS/tasks.o
 .bss.uxTopReadyPriority
                0x0000000020000224        0x4 ./workable_common/ThirdParty/FreeRTOS/tasks.o
 .bss.xSchedulerRunning
                0x0000000020000228        0x4 ./workable_common/ThirdParty/FreeRTOS/tasks.o
 .bss.xPendedTicks
                0x000000002000022c        0x4 ./workable_common/ThirdParty/FreeRTOS/tasks.o
 .bss.xYieldPending
                0x0000000020000230        0x4 ./workable_common/ThirdParty/FreeRTOS/tasks.o
 .bss.xNumOfOverflows
                0x0000000020000234        0x4 ./workable_common/ThirdParty/FreeRTOS/tasks.o
 .bss.uxTaskNumber
                0x0000000020000238        0x4 ./workable_common/ThirdParty/FreeRTOS/tasks.o
 .bss.xNextTaskUnblockTime
                0x000000002000023c        0x4 ./workable_common/ThirdParty/FreeRTOS/tasks.o
 .bss.xIdleTaskHandle
                0x0000000020000240        0x4 ./workable_common/ThirdParty/FreeRTOS/tasks.o
 .bss.uxSchedulerSuspended
                0x0000000020000244        0x4 ./workable_common/ThirdParty/FreeRTOS/tasks.o
 .bss.xActiveTimerList1
                0x0000000020000248       0x14 ./workable_common/ThirdParty/FreeRTOS/timers.o
 .bss.xActiveTimerList2
                0x000000002000025c       0x14 ./workable_common/ThirdParty/FreeRTOS/timers.o
 .bss.pxCurrentTimerList
                0x0000000020000270        0x4 ./workable_common/ThirdParty/FreeRTOS/timers.o
 .bss.pxOverflowTimerList
                0x0000000020000274        0x4 ./workable_common/ThirdParty/FreeRTOS/timers.o
 .bss.xTimerQueue
                0x0000000020000278        0x4 ./workable_common/ThirdParty/FreeRTOS/timers.o
 .bss.xTimerTaskHandle
                0x000000002000027c        0x4 ./workable_common/ThirdParty/FreeRTOS/timers.o
 .bss.xLastTime.0
                0x0000000020000280        0x4 ./workable_common/ThirdParty/FreeRTOS/timers.o
 .bss.ucMaxSysCallPriority
                0x0000000020000284        0x1 ./workable_common/ThirdParty/FreeRTOS/portable/GCC/ARM_CM4F/port.o
 *fill*         0x0000000020000285        0x3 
 .bss.ulMaxPRIGROUPValue
                0x0000000020000288        0x4 ./workable_common/ThirdParty/FreeRTOS/portable/GCC/ARM_CM4F/port.o
 .bss.ucHeap    0x000000002000028c    0x12c00 ./workable_common/ThirdParty/FreeRTOS/portable/MemMang/heap_4.o
 .bss.xStart    0x0000000020012e8c        0x8 ./workable_common/ThirdParty/FreeRTOS/portable/MemMang/heap_4.o
 .bss.pxEnd     0x0000000020012e94        0x4 ./workable_common/ThirdParty/FreeRTOS/portable/MemMang/heap_4.o
 .bss.xFreeBytesRemaining
                0x0000000020012e98        0x4 ./workable_common/ThirdParty/FreeRTOS/portable/MemMang/heap_4.o
 .bss.xMinimumEverFreeBytesRemaining
                0x0000000020012e9c        0x4 ./workable_common/ThirdParty/FreeRTOS/portable/MemMang/heap_4.o
 .bss.xNumberOfSuccessfulAllocations
                0x0000000020012ea0        0x4 ./workable_common/ThirdParty/FreeRTOS/portable/MemMang/heap_4.o
 .bss.xNumberOfSuccessfulFrees
                0x0000000020012ea4        0x4 ./workable_common/ThirdParty/FreeRTOS/portable/MemMang/heap_4.o
 .bss.xBlockAllocatedBit
                0x0000000020012ea8        0x4 ./workable_common/ThirdParty/FreeRTOS/portable/MemMang/heap_4.o
 *(COMMON)
                0x0000000020012eac                . = ALIGN (0x4)
                0x0000000020012eac                _ebss = .
                0x0000000020012eac                __bss_end__ = _ebss

._user_heap_stack
                0x0000000020012eac      0x604
                0x0000000020012eb0                . = ALIGN (0x8)
 *fill*         0x0000000020012eac        0x4 
                [!provide]                        PROVIDE (end = .)
                0x0000000020012eb0                PROVIDE (_end = .)
                0x00000000200130b0                . = (. + _Min_Heap_Size)
 *fill*         0x0000000020012eb0      0x200 
                0x00000000200134b0                . = (. + _Min_Stack_Size)
 *fill*         0x00000000200130b0      0x400 
                0x00000000200134b0                . = ALIGN (0x8)

/DISCARD/
 libc.a(*)
 libm.a(*)
 libgcc.a(*)

.ARM.attributes
                0x0000000000000000       0x30
 *(.ARM.attributes)
 .ARM.attributes
                0x0000000000000000       0x1e c:/st/stm32cubeide_1.10.1/stm32cubeide/plugins/com.st.stm32cube.ide.mcu.externaltools.gnu-tools-for-stm32.10.3-2021.10.win32_1.0.0.202111181127/tools/bin/../lib/gcc/arm-none-eabi/10.3.1/thumb/v7e-m+fp/hard/crti.o
 .ARM.attributes
                0x000000000000001e       0x34 c:/st/stm32cubeide_1.10.1/stm32cubeide/plugins/com.st.stm32cube.ide.mcu.externaltools.gnu-tools-for-stm32.10.3-2021.10.win32_1.0.0.202111181127/tools/bin/../lib/gcc/arm-none-eabi/10.3.1/thumb/v7e-m+fp/hard/crtbegin.o
 .ARM.attributes
                0x0000000000000052       0x34 ./Core/Src/led_effect.o
 .ARM.attributes
                0x0000000000000086       0x34 ./Core/Src/main.o
 .ARM.attributes
                0x00000000000000ba       0x34 ./Core/Src/stm32f4xx_hal_msp.o
 .ARM.attributes
                0x00000000000000ee       0x34 ./Core/Src/stm32f4xx_hal_timebase_tim.o
 .ARM.attributes
                0x0000000000000122       0x34 ./Core/Src/stm32f4xx_it.o
 .ARM.attributes
                0x0000000000000156       0x34 ./Core/Src/system_stm32f4xx.o
 .ARM.attributes
                0x000000000000018a       0x34 ./Core/Src/task_handler.o
 .ARM.attributes
                0x00000000000001be       0x21 ./Core/Startup/startup_stm32f407vgtx.o
 .ARM.attributes
                0x00000000000001df       0x34 ./Drivers/STM32F4xx_HAL_Driver/Src/stm32f4xx_hal.o
 .ARM.attributes
                0x0000000000000213       0x34 ./Drivers/STM32F4xx_HAL_Driver/Src/stm32f4xx_hal_cortex.o
 .ARM.attributes
                0x0000000000000247       0x34 ./Drivers/STM32F4xx_HAL_Driver/Src/stm32f4xx_hal_dma.o
 .ARM.attributes
                0x000000000000027b       0x34 ./Drivers/STM32F4xx_HAL_Driver/Src/stm32f4xx_hal_gpio.o
 .ARM.attributes
                0x00000000000002af       0x34 ./Drivers/STM32F4xx_HAL_Driver/Src/stm32f4xx_hal_rcc.o
 .ARM.attributes
                0x00000000000002e3       0x34 ./Drivers/STM32F4xx_HAL_Driver/Src/stm32f4xx_hal_rcc_ex.o
 .ARM.attributes
                0x0000000000000317       0x34 ./Drivers/STM32F4xx_HAL_Driver/Src/stm32f4xx_hal_rtc.o
 .ARM.attributes
                0x000000000000034b       0x34 ./Drivers/STM32F4xx_HAL_Driver/Src/stm32f4xx_hal_tim.o
 .ARM.attributes
                0x000000000000037f       0x34 ./Drivers/STM32F4xx_HAL_Driver/Src/stm32f4xx_hal_tim_ex.o
 .ARM.attributes
                0x00000000000003b3       0x34 ./Drivers/STM32F4xx_HAL_Driver/Src/stm32f4xx_hal_uart.o
 .ARM.attributes
                0x00000000000003e7       0x34 ./workable_common/ThirdParty/FreeRTOS/list.o
 .ARM.attributes
                0x000000000000041b       0x34 ./workable_common/ThirdParty/FreeRTOS/queue.o
 .ARM.attributes
                0x000000000000044f       0x34 ./workable_common/ThirdParty/FreeRTOS/tasks.o
 .ARM.attributes
                0x0000000000000483       0x34 ./workable_common/ThirdParty/FreeRTOS/timers.o
 .ARM.attributes
                0x00000000000004b7       0x34 ./workable_common/ThirdParty/FreeRTOS/portable/GCC/ARM_CM4F/port.o
 .ARM.attributes
                0x00000000000004eb       0x34 ./workable_common/ThirdParty/FreeRTOS/portable/MemMang/heap_4.o
 .ARM.attributes
                0x000000000000051f       0x34 c:/st/stm32cubeide_1.10.1/stm32cubeide/plugins/com.st.stm32cube.ide.mcu.externaltools.gnu-tools-for-stm32.10.3-2021.10.win32_1.0.0.202111181127/tools/bin/../lib/gcc/arm-none-eabi/10.3.1/../../../../arm-none-eabi/lib/thumb/v7e-m+fp/hard\libc_nano.a(lib_a-init.o)
 .ARM.attributes
                0x0000000000000553       0x34 c:/st/stm32cubeide_1.10.1/stm32cubeide/plugins/com.st.stm32cube.ide.mcu.externaltools.gnu-tools-for-stm32.10.3-2021.10.win32_1.0.0.202111181127/tools/bin/../lib/gcc/arm-none-eabi/10.3.1/../../../../arm-none-eabi/lib/thumb/v7e-m+fp/hard\libc_nano.a(lib_a-memcpy-stub.o)
 .ARM.attributes
                0x0000000000000587       0x34 c:/st/stm32cubeide_1.10.1/stm32cubeide/plugins/com.st.stm32cube.ide.mcu.externaltools.gnu-tools-for-stm32.10.3-2021.10.win32_1.0.0.202111181127/tools/bin/../lib/gcc/arm-none-eabi/10.3.1/../../../../arm-none-eabi/lib/thumb/v7e-m+fp/hard\libc_nano.a(lib_a-memset.o)
 .ARM.attributes
                0x00000000000005bb       0x1c c:/st/stm32cubeide_1.10.1/stm32cubeide/plugins/com.st.stm32cube.ide.mcu.externaltools.gnu-tools-for-stm32.10.3-2021.10.win32_1.0.0.202111181127/tools/bin/../lib/gcc/arm-none-eabi/10.3.1/../../../../arm-none-eabi/lib/thumb/v7e-m+fp/hard\libc_nano.a(lib_a-strcmp.o)
 .ARM.attributes
                0x00000000000005d7       0x1e c:/st/stm32cubeide_1.10.1/stm32cubeide/plugins/com.st.stm32cube.ide.mcu.externaltools.gnu-tools-for-stm32.10.3-2021.10.win32_1.0.0.202111181127/tools/bin/../lib/gcc/arm-none-eabi/10.3.1/thumb/v7e-m+fp/hard\libgcc.a(_aeabi_uldivmod.o)
 .ARM.attributes
                0x00000000000005f5       0x34 c:/st/stm32cubeide_1.10.1/stm32cubeide/plugins/com.st.stm32cube.ide.mcu.externaltools.gnu-tools-for-stm32.10.3-2021.10.win32_1.0.0.202111181127/tools/bin/../lib/gcc/arm-none-eabi/10.3.1/thumb/v7e-m+fp/hard\libgcc.a(_udivmoddi4.o)
 .ARM.attributes
                0x0000000000000629       0x1e c:/st/stm32cubeide_1.10.1/stm32cubeide/plugins/com.st.stm32cube.ide.mcu.externaltools.gnu-tools-for-stm32.10.3-2021.10.win32_1.0.0.202111181127/tools/bin/../lib/gcc/arm-none-eabi/10.3.1/thumb/v7e-m+fp/hard\libgcc.a(_dvmd_tls.o)
 .ARM.attributes
                0x0000000000000647       0x1e c:/st/stm32cubeide_1.10.1/stm32cubeide/plugins/com.st.stm32cube.ide.mcu.externaltools.gnu-tools-for-stm32.10.3-2021.10.win32_1.0.0.202111181127/tools/bin/../lib/gcc/arm-none-eabi/10.3.1/thumb/v7e-m+fp/hard/crtn.o
OUTPUT(008Queue.elf elf32-littlearm)
LOAD linker stubs
LOAD c:/st/stm32cubeide_1.10.1/stm32cubeide/plugins/com.st.stm32cube.ide.mcu.externaltools.gnu-tools-for-stm32.10.3-2021.10.win32_1.0.0.202111181127/tools/bin/../lib/gcc/arm-none-eabi/10.3.1/../../../../arm-none-eabi/lib/thumb/v7e-m+fp/hard\libc.a
LOAD c:/st/stm32cubeide_1.10.1/stm32cubeide/plugins/com.st.stm32cube.ide.mcu.externaltools.gnu-tools-for-stm32.10.3-2021.10.win32_1.0.0.202111181127/tools/bin/../lib/gcc/arm-none-eabi/10.3.1/../../../../arm-none-eabi/lib/thumb/v7e-m+fp/hard\libm.a
LOAD c:/st/stm32cubeide_1.10.1/stm32cubeide/plugins/com.st.stm32cube.ide.mcu.externaltools.gnu-tools-for-stm32.10.3-2021.10.win32_1.0.0.202111181127/tools/bin/../lib/gcc/arm-none-eabi/10.3.1/thumb/v7e-m+fp/hard\libgcc.a

.debug_info     0x0000000000000000    0x159f0
 .debug_info    0x0000000000000000       0xb4 ./Core/Src/led_effect.o
 .debug_info    0x00000000000000b4     0x1809 ./Core/Src/main.o
 .debug_info    0x00000000000018bd     0x106f ./Core/Src/stm32f4xx_hal_msp.o
 .debug_info    0x000000000000292c      0xc4b ./Core/Src/stm32f4xx_hal_timebase_tim.o
 .debug_info    0x0000000000003577      0x9a9 ./Core/Src/stm32f4xx_it.o
 .debug_info    0x0000000000003f20      0x523 ./Core/Src/system_stm32f4xx.o
 .debug_info    0x0000000000004443      0x4fa ./Core/Src/task_handler.o
 .debug_info    0x000000000000493d       0x22 ./Core/Startup/startup_stm32f407vgtx.o
 .debug_info    0x000000000000495f      0x97c ./Drivers/STM32F4xx_HAL_Driver/Src/stm32f4xx_hal.o
 .debug_info    0x00000000000052db      0xe1b ./Drivers/STM32F4xx_HAL_Driver/Src/stm32f4xx_hal_cortex.o
 .debug_info    0x00000000000060f6      0x94f ./Drivers/STM32F4xx_HAL_Driver/Src/stm32f4xx_hal_dma.o
 .debug_info    0x0000000000006a45      0x76a ./Drivers/STM32F4xx_HAL_Driver/Src/stm32f4xx_hal_gpio.o
 .debug_info    0x00000000000071af      0x966 ./Drivers/STM32F4xx_HAL_Driver/Src/stm32f4xx_hal_rcc.o
 .debug_info    0x0000000000007b15      0x569 ./Drivers/STM32F4xx_HAL_Driver/Src/stm32f4xx_hal_rcc_ex.o
 .debug_info    0x000000000000807e      0xcf8 ./Drivers/STM32F4xx_HAL_Driver/Src/stm32f4xx_hal_rtc.o
 .debug_info    0x0000000000008d76     0x2bbe ./Drivers/STM32F4xx_HAL_Driver/Src/stm32f4xx_hal_tim.o
 .debug_info    0x000000000000b934     0x15e0 ./Drivers/STM32F4xx_HAL_Driver/Src/stm32f4xx_hal_tim_ex.o
 .debug_info    0x000000000000cf14     0x31bc ./Drivers/STM32F4xx_HAL_Driver/Src/stm32f4xx_hal_uart.o
 .debug_info    0x00000000000100d0      0x2d1 ./workable_common/ThirdParty/FreeRTOS/list.o
 .debug_info    0x00000000000103a1     0x18ee ./workable_common/ThirdParty/FreeRTOS/queue.o
 .debug_info    0x0000000000011c8f     0x23c8 ./workable_common/ThirdParty/FreeRTOS/tasks.o
 .debug_info    0x0000000000014057      0xedd ./workable_common/ThirdParty/FreeRTOS/timers.o
 .debug_info    0x0000000000014f34      0x5af ./workable_common/ThirdParty/FreeRTOS/portable/GCC/ARM_CM4F/port.o
 .debug_info    0x00000000000154e3      0x50d ./workable_common/ThirdParty/FreeRTOS/portable/MemMang/heap_4.o

.debug_abbrev   0x0000000000000000     0x3231
 .debug_abbrev  0x0000000000000000       0x74 ./Core/Src/led_effect.o
 .debug_abbrev  0x0000000000000074      0x333 ./Core/Src/main.o
 .debug_abbrev  0x00000000000003a7      0x1ff ./Core/Src/stm32f4xx_hal_msp.o
 .debug_abbrev  0x00000000000005a6      0x1e6 ./Core/Src/stm32f4xx_hal_timebase_tim.o
 .debug_abbrev  0x000000000000078c      0x178 ./Core/Src/stm32f4xx_it.o
 .debug_abbrev  0x0000000000000904      0x116 ./Core/Src/system_stm32f4xx.o
 .debug_abbrev  0x0000000000000a1a      0x1f7 ./Core/Src/task_handler.o
 .debug_abbrev  0x0000000000000c11       0x12 ./Core/Startup/startup_stm32f407vgtx.o
 .debug_abbrev  0x0000000000000c23      0x20d ./Drivers/STM32F4xx_HAL_Driver/Src/stm32f4xx_hal.o
 .debug_abbrev  0x0000000000000e30      0x316 ./Drivers/STM32F4xx_HAL_Driver/Src/stm32f4xx_hal_cortex.o
 .debug_abbrev  0x0000000000001146      0x25b ./Drivers/STM32F4xx_HAL_Driver/Src/stm32f4xx_hal_dma.o
 .debug_abbrev  0x00000000000013a1      0x1c4 ./Drivers/STM32F4xx_HAL_Driver/Src/stm32f4xx_hal_gpio.o
 .debug_abbrev  0x0000000000001565      0x2aa ./Drivers/STM32F4xx_HAL_Driver/Src/stm32f4xx_hal_rcc.o
 .debug_abbrev  0x000000000000180f      0x1a8 ./Drivers/STM32F4xx_HAL_Driver/Src/stm32f4xx_hal_rcc_ex.o
 .debug_abbrev  0x00000000000019b7      0x1f1 ./Drivers/STM32F4xx_HAL_Driver/Src/stm32f4xx_hal_rtc.o
 .debug_abbrev  0x0000000000001ba8      0x25d ./Drivers/STM32F4xx_HAL_Driver/Src/stm32f4xx_hal_tim.o
 .debug_abbrev  0x0000000000001e05      0x265 ./Drivers/STM32F4xx_HAL_Driver/Src/stm32f4xx_hal_tim_ex.o
 .debug_abbrev  0x000000000000206a      0x2f4 ./Drivers/STM32F4xx_HAL_Driver/Src/stm32f4xx_hal_uart.o
 .debug_abbrev  0x000000000000235e       0xf2 ./workable_common/ThirdParty/FreeRTOS/list.o
 .debug_abbrev  0x0000000000002450      0x312 ./workable_common/ThirdParty/FreeRTOS/queue.o
 .debug_abbrev  0x0000000000002762      0x38c ./workable_common/ThirdParty/FreeRTOS/tasks.o
 .debug_abbrev  0x0000000000002aee      0x2d8 ./workable_common/ThirdParty/FreeRTOS/timers.o
 .debug_abbrev  0x0000000000002dc6      0x259 ./workable_common/ThirdParty/FreeRTOS/portable/GCC/ARM_CM4F/port.o
 .debug_abbrev  0x000000000000301f      0x212 ./workable_common/ThirdParty/FreeRTOS/portable/MemMang/heap_4.o

.debug_aranges  0x0000000000000000     0x1308
 .debug_aranges
                0x0000000000000000       0x28 ./Core/Src/led_effect.o
 .debug_aranges
                0x0000000000000028       0x58 ./Core/Src/main.o
 .debug_aranges
                0x0000000000000080       0x40 ./Core/Src/stm32f4xx_hal_msp.o
 .debug_aranges
                0x00000000000000c0       0x30 ./Core/Src/stm32f4xx_hal_timebase_tim.o
 .debug_aranges
                0x00000000000000f0       0x58 ./Core/Src/stm32f4xx_it.o
 .debug_aranges
                0x0000000000000148       0x28 ./Core/Src/system_stm32f4xx.o
 .debug_aranges
                0x0000000000000170       0x50 ./Core/Src/task_handler.o
 .debug_aranges
                0x00000000000001c0       0x28 ./Core/Startup/startup_stm32f407vgtx.o
 .debug_aranges
                0x00000000000001e8       0xf0 ./Drivers/STM32F4xx_HAL_Driver/Src/stm32f4xx_hal.o
 .debug_aranges
                0x00000000000002d8      0x118 ./Drivers/STM32F4xx_HAL_Driver/Src/stm32f4xx_hal_cortex.o
 .debug_aranges
                0x00000000000003f0       0x90 ./Drivers/STM32F4xx_HAL_Driver/Src/stm32f4xx_hal_dma.o
 .debug_aranges
                0x0000000000000480       0x58 ./Drivers/STM32F4xx_HAL_Driver/Src/stm32f4xx_hal_gpio.o
 .debug_aranges
                0x00000000000004d8       0x88 ./Drivers/STM32F4xx_HAL_Driver/Src/stm32f4xx_hal_rcc.o
 .debug_aranges
                0x0000000000000560       0x48 ./Drivers/STM32F4xx_HAL_Driver/Src/stm32f4xx_hal_rcc_ex.o
 .debug_aranges
                0x00000000000005a8       0xe8 ./Drivers/STM32F4xx_HAL_Driver/Src/stm32f4xx_hal_rtc.o
 .debug_aranges
                0x0000000000000690      0x3d0 ./Drivers/STM32F4xx_HAL_Driver/Src/stm32f4xx_hal_tim.o
 .debug_aranges
                0x0000000000000a60      0x168 ./Drivers/STM32F4xx_HAL_Driver/Src/stm32f4xx_hal_tim_ex.o
 .debug_aranges
                0x0000000000000bc8      0x200 ./Drivers/STM32F4xx_HAL_Driver/Src/stm32f4xx_hal_uart.o
 .debug_aranges
                0x0000000000000dc8       0x40 ./workable_common/ThirdParty/FreeRTOS/list.o
 .debug_aranges
                0x0000000000000e08      0x130 ./workable_common/ThirdParty/FreeRTOS/queue.o
 .debug_aranges
                0x0000000000000f38      0x218 ./workable_common/ThirdParty/FreeRTOS/tasks.o
 .debug_aranges
                0x0000000000001150       0xd8 ./workable_common/ThirdParty/FreeRTOS/timers.o
 .debug_aranges
                0x0000000000001228       0x88 ./workable_common/ThirdParty/FreeRTOS/portable/GCC/ARM_CM4F/port.o
 .debug_aranges
                0x00000000000012b0       0x58 ./workable_common/ThirdParty/FreeRTOS/portable/MemMang/heap_4.o

.debug_ranges   0x0000000000000000     0x11c0
 .debug_ranges  0x0000000000000000       0x18 ./Core/Src/led_effect.o
 .debug_ranges  0x0000000000000018       0x48 ./Core/Src/main.o
 .debug_ranges  0x0000000000000060       0x30 ./Core/Src/stm32f4xx_hal_msp.o
 .debug_ranges  0x0000000000000090       0x20 ./Core/Src/stm32f4xx_hal_timebase_tim.o
 .debug_ranges  0x00000000000000b0       0x48 ./Core/Src/stm32f4xx_it.o
 .debug_ranges  0x00000000000000f8       0x18 ./Core/Src/system_stm32f4xx.o
 .debug_ranges  0x0000000000000110       0x40 ./Core/Src/task_handler.o
 .debug_ranges  0x0000000000000150       0x20 ./Core/Startup/startup_stm32f407vgtx.o
 .debug_ranges  0x0000000000000170       0xe0 ./Drivers/STM32F4xx_HAL_Driver/Src/stm32f4xx_hal.o
 .debug_ranges  0x0000000000000250      0x108 ./Drivers/STM32F4xx_HAL_Driver/Src/stm32f4xx_hal_cortex.o
 .debug_ranges  0x0000000000000358       0x80 ./Drivers/STM32F4xx_HAL_Driver/Src/stm32f4xx_hal_dma.o
 .debug_ranges  0x00000000000003d8       0x48 ./Drivers/STM32F4xx_HAL_Driver/Src/stm32f4xx_hal_gpio.o
 .debug_ranges  0x0000000000000420       0x78 ./Drivers/STM32F4xx_HAL_Driver/Src/stm32f4xx_hal_rcc.o
 .debug_ranges  0x0000000000000498       0x38 ./Drivers/STM32F4xx_HAL_Driver/Src/stm32f4xx_hal_rcc_ex.o
 .debug_ranges  0x00000000000004d0       0xd8 ./Drivers/STM32F4xx_HAL_Driver/Src/stm32f4xx_hal_rtc.o
 .debug_ranges  0x00000000000005a8      0x3c0 ./Drivers/STM32F4xx_HAL_Driver/Src/stm32f4xx_hal_tim.o
 .debug_ranges  0x0000000000000968      0x158 ./Drivers/STM32F4xx_HAL_Driver/Src/stm32f4xx_hal_tim_ex.o
 .debug_ranges  0x0000000000000ac0      0x220 ./Drivers/STM32F4xx_HAL_Driver/Src/stm32f4xx_hal_uart.o
 .debug_ranges  0x0000000000000ce0       0x30 ./workable_common/ThirdParty/FreeRTOS/list.o
 .debug_ranges  0x0000000000000d10      0x120 ./workable_common/ThirdParty/FreeRTOS/queue.o
 .debug_ranges  0x0000000000000e30      0x208 ./workable_common/ThirdParty/FreeRTOS/tasks.o
 .debug_ranges  0x0000000000001038       0xc8 ./workable_common/ThirdParty/FreeRTOS/timers.o
 .debug_ranges  0x0000000000001100       0x78 ./workable_common/ThirdParty/FreeRTOS/portable/GCC/ARM_CM4F/port.o
 .debug_ranges  0x0000000000001178       0x48 ./workable_common/ThirdParty/FreeRTOS/portable/MemMang/heap_4.o

.debug_macro    0x0000000000000000    0x23f5f
 .debug_macro   0x0000000000000000      0x33f ./Core/Src/led_effect.o
 .debug_macro   0x000000000000033f      0xa78 ./Core/Src/led_effect.o
 .debug_macro   0x0000000000000db7      0x2a1 ./Core/Src/led_effect.o
 .debug_macro   0x0000000000001058       0x2e ./Core/Src/led_effect.o
 .debug_macro   0x0000000000001086       0x2f ./Core/Src/led_effect.o
 .debug_macro   0x00000000000010b5       0x22 ./Core/Src/led_effect.o
 .debug_macro   0x00000000000010d7       0x8e ./Core/Src/led_effect.o
 .debug_macro   0x0000000000001165       0x51 ./Core/Src/led_effect.o
 .debug_macro   0x00000000000011b6      0x103 ./Core/Src/led_effect.o
 .debug_macro   0x00000000000012b9       0x6a ./Core/Src/led_effect.o
 .debug_macro   0x0000000000001323      0x1df ./Core/Src/led_effect.o
 .debug_macro   0x0000000000001502       0x1c ./Core/Src/led_effect.o
 .debug_macro   0x000000000000151e       0x22 ./Core/Src/led_effect.o
 .debug_macro   0x0000000000001540       0xd9 ./Core/Src/led_effect.o
 .debug_macro   0x0000000000001619     0x102d ./Core/Src/led_effect.o
 .debug_macro   0x0000000000002646      0x11f ./Core/Src/led_effect.o
 .debug_macro   0x0000000000002765    0x15e82 ./Core/Src/led_effect.o
 .debug_macro   0x00000000000185e7       0x6d ./Core/Src/led_effect.o
 .debug_macro   0x0000000000018654     0x367e ./Core/Src/led_effect.o
 .debug_macro   0x000000000001bcd2      0x174 ./Core/Src/led_effect.o
 .debug_macro   0x000000000001be46       0x5c ./Core/Src/led_effect.o
 .debug_macro   0x000000000001bea2      0x96b ./Core/Src/led_effect.o
 .debug_macro   0x000000000001c80d      0x9fe ./Core/Src/led_effect.o
 .debug_macro   0x000000000001d20b      0x115 ./Core/Src/led_effect.o
 .debug_macro   0x000000000001d320      0x13e ./Core/Src/led_effect.o
 .debug_macro   0x000000000001d45e       0xa5 ./Core/Src/led_effect.o
 .debug_macro   0x000000000001d503      0x174 ./Core/Src/led_effect.o
 .debug_macro   0x000000000001d677      0x287 ./Core/Src/led_effect.o
 .debug_macro   0x000000000001d8fe       0x5f ./Core/Src/led_effect.o
 .debug_macro   0x000000000001d95d      0x236 ./Core/Src/led_effect.o
 .debug_macro   0x000000000001db93      0x12c ./Core/Src/led_effect.o
 .debug_macro   0x000000000001dcbf      0x21e ./Core/Src/led_effect.o
 .debug_macro   0x000000000001dedd       0x2e ./Core/Src/led_effect.o
 .debug_macro   0x000000000001df0b      0x11a ./Core/Src/led_effect.o
 .debug_macro   0x000000000001e025       0x7e ./Core/Src/led_effect.o
 .debug_macro   0x000000000001e0a3       0x89 ./Core/Src/led_effect.o
 .debug_macro   0x000000000001e12c      0x305 ./Core/Src/led_effect.o
 .debug_macro   0x000000000001e431      0x452 ./Core/Src/led_effect.o
 .debug_macro   0x000000000001e883       0xe4 ./Core/Src/led_effect.o
 .debug_macro   0x000000000001e967      0x8e6 ./Core/Src/led_effect.o
 .debug_macro   0x000000000001f24d       0x47 ./Core/Src/led_effect.o
 .debug_macro   0x000000000001f294      0x295 ./Core/Src/led_effect.o
 .debug_macro   0x000000000001f529      0x12d ./Core/Src/led_effect.o
 .debug_macro   0x000000000001f656       0x52 ./Core/Src/led_effect.o
 .debug_macro   0x000000000001f6a8       0x1e ./Core/Src/led_effect.o
 .debug_macro   0x000000000001f6c6       0x3c ./Core/Src/led_effect.o
 .debug_macro   0x000000000001f702       0x34 ./Core/Src/led_effect.o
 .debug_macro   0x000000000001f736       0x16 ./Core/Src/led_effect.o
 .debug_macro   0x000000000001f74c       0x43 ./Core/Src/led_effect.o
 .debug_macro   0x000000000001f78f       0x34 ./Core/Src/led_effect.o
 .debug_macro   0x000000000001f7c3       0x10 ./Core/Src/led_effect.o
 .debug_macro   0x000000000001f7d3       0x58 ./Core/Src/led_effect.o
 .debug_macro   0x000000000001f82b       0x71 ./Core/Src/led_effect.o
 .debug_macro   0x000000000001f89c       0x1c ./Core/Src/led_effect.o
 .debug_macro   0x000000000001f8b8      0x12a ./Core/Src/led_effect.o
 .debug_macro   0x000000000001f9e2      0x341 ./Core/Src/led_effect.o
 .debug_macro   0x000000000001fd23       0x10 ./Core/Src/led_effect.o
 .debug_macro   0x000000000001fd33       0x35 ./Core/Src/led_effect.o
 .debug_macro   0x000000000001fd68       0x20 ./Core/Src/led_effect.o
 .debug_macro   0x000000000001fd88      0x119 ./Core/Src/led_effect.o
 .debug_macro   0x000000000001fea1      0x15a ./Core/Src/led_effect.o
 .debug_macro   0x000000000001fffb       0xea ./Core/Src/led_effect.o
 .debug_macro   0x00000000000200e5       0x1c ./Core/Src/led_effect.o
 .debug_macro   0x0000000000020101       0x26 ./Core/Src/led_effect.o
 .debug_macro   0x0000000000020127      0x520 ./Core/Src/led_effect.o
 .debug_macro   0x0000000000020647       0xb5 ./Core/Src/led_effect.o
 .debug_macro   0x00000000000206fc      0x120 ./Core/Src/led_effect.o
 .debug_macro   0x000000000002081c       0x80 ./Core/Src/led_effect.o
 .debug_macro   0x000000000002089c      0x1cc ./Core/Src/led_effect.o
 .debug_macro   0x0000000000020a68      0x406 ./Core/Src/main.o
 .debug_macro   0x0000000000020e6e       0x1c ./Core/Src/main.o
 .debug_macro   0x0000000000020e8a       0x10 ./Core/Src/main.o
 .debug_macro   0x0000000000020e9a       0x10 ./Core/Src/main.o
 .debug_macro   0x0000000000020eaa       0x1c ./Core/Src/main.o
 .debug_macro   0x0000000000020ec6       0x52 ./Core/Src/main.o
 .debug_macro   0x0000000000020f18       0x22 ./Core/Src/main.o
 .debug_macro   0x0000000000020f3a       0x10 ./Core/Src/main.o
 .debug_macro   0x0000000000020f4a       0x52 ./Core/Src/main.o
 .debug_macro   0x0000000000020f9c       0xd5 ./Core/Src/main.o
 .debug_macro   0x0000000000021071       0x1c ./Core/Src/main.o
 .debug_macro   0x000000000002108d       0x3d ./Core/Src/main.o
 .debug_macro   0x00000000000210ca       0x16 ./Core/Src/main.o
 .debug_macro   0x00000000000210e0      0x145 ./Core/Src/main.o
 .debug_macro   0x0000000000021225      0x33f ./Core/Src/stm32f4xx_hal_msp.o
 .debug_macro   0x0000000000021564      0x1e7 ./Core/Src/stm32f4xx_hal_timebase_tim.o
 .debug_macro   0x000000000002174b      0x349 ./Core/Src/stm32f4xx_it.o
 .debug_macro   0x0000000000021a94      0x1e7 ./Core/Src/system_stm32f4xx.o
 .debug_macro   0x0000000000021c7b      0x33f ./Core/Src/task_handler.o
 .debug_macro   0x0000000000021fba      0x247 ./Drivers/STM32F4xx_HAL_Driver/Src/stm32f4xx_hal.o
 .debug_macro   0x0000000000022201      0x1e7 ./Drivers/STM32F4xx_HAL_Driver/Src/stm32f4xx_hal_cortex.o
 .debug_macro   0x00000000000223e8      0x1ed ./Drivers/STM32F4xx_HAL_Driver/Src/stm32f4xx_hal_dma.o
 .debug_macro   0x00000000000225d5      0x1ed ./Drivers/STM32F4xx_HAL_Driver/Src/stm32f4xx_hal_gpio.o
 .debug_macro   0x00000000000227c2      0x20b ./Drivers/STM32F4xx_HAL_Driver/Src/stm32f4xx_hal_rcc.o
 .debug_macro   0x00000000000229cd      0x1e7 ./Drivers/STM32F4xx_HAL_Driver/Src/stm32f4xx_hal_rcc_ex.o
 .debug_macro   0x0000000000022bb4      0x1e8 ./Drivers/STM32F4xx_HAL_Driver/Src/stm32f4xx_hal_rtc.o
 .debug_macro   0x0000000000022d9c      0x1e8 ./Drivers/STM32F4xx_HAL_Driver/Src/stm32f4xx_hal_tim.o
 .debug_macro   0x0000000000022f84      0x1e7 ./Drivers/STM32F4xx_HAL_Driver/Src/stm32f4xx_hal_tim_ex.o
 .debug_macro   0x000000000002316b      0x1e8 ./Drivers/STM32F4xx_HAL_Driver/Src/stm32f4xx_hal_uart.o
 .debug_macro   0x0000000000023353      0x193 ./workable_common/ThirdParty/FreeRTOS/list.o
 .debug_macro   0x00000000000234e6      0x21c ./workable_common/ThirdParty/FreeRTOS/queue.o
 .debug_macro   0x0000000000023702       0x16 ./workable_common/ThirdParty/FreeRTOS/queue.o
 .debug_macro   0x0000000000023718      0x280 ./workable_common/ThirdParty/FreeRTOS/tasks.o
 .debug_macro   0x0000000000023998       0x10 ./workable_common/ThirdParty/FreeRTOS/tasks.o
 .debug_macro   0x00000000000239a8      0x1dc ./workable_common/ThirdParty/FreeRTOS/timers.o
 .debug_macro   0x0000000000023b84       0x97 ./workable_common/ThirdParty/FreeRTOS/timers.o
 .debug_macro   0x0000000000023c1b      0x196 ./workable_common/ThirdParty/FreeRTOS/portable/GCC/ARM_CM4F/port.o
 .debug_macro   0x0000000000023db1      0x1ae ./workable_common/ThirdParty/FreeRTOS/portable/MemMang/heap_4.o

.debug_line     0x0000000000000000    0x173e3
 .debug_line    0x0000000000000000      0x99e ./Core/Src/led_effect.o
 .debug_line    0x000000000000099e      0xd44 ./Core/Src/main.o
 .debug_line    0x00000000000016e2      0xa36 ./Core/Src/stm32f4xx_hal_msp.o
 .debug_line    0x0000000000002118      0x766 ./Core/Src/stm32f4xx_hal_timebase_tim.o
 .debug_line    0x000000000000287e      0xa4e ./Core/Src/stm32f4xx_it.o
 .debug_line    0x00000000000032cc      0x76e ./Core/Src/system_stm32f4xx.o
 .debug_line    0x0000000000003a3a      0xaf6 ./Core/Src/task_handler.o
 .debug_line    0x0000000000004530       0x88 ./Core/Startup/startup_stm32f407vgtx.o
 .debug_line    0x00000000000045b8      0x9d4 ./Drivers/STM32F4xx_HAL_Driver/Src/stm32f4xx_hal.o
 .debug_line    0x0000000000004f8c      0xc83 ./Drivers/STM32F4xx_HAL_Driver/Src/stm32f4xx_hal_cortex.o
 .debug_line    0x0000000000005c0f      0xf38 ./Drivers/STM32F4xx_HAL_Driver/Src/stm32f4xx_hal_dma.o
 .debug_line    0x0000000000006b47      0xb48 ./Drivers/STM32F4xx_HAL_Driver/Src/stm32f4xx_hal_gpio.o
 .debug_line    0x000000000000768f      0xd50 ./Drivers/STM32F4xx_HAL_Driver/Src/stm32f4xx_hal_rcc.o
 .debug_line    0x00000000000083df      0x9ea ./Drivers/STM32F4xx_HAL_Driver/Src/stm32f4xx_hal_rcc_ex.o
 .debug_line    0x0000000000008dc9     0x10a9 ./Drivers/STM32F4xx_HAL_Driver/Src/stm32f4xx_hal_rtc.o
 .debug_line    0x0000000000009e72     0x36c8 ./Drivers/STM32F4xx_HAL_Driver/Src/stm32f4xx_hal_tim.o
 .debug_line    0x000000000000d53a     0x19d1 ./Drivers/STM32F4xx_HAL_Driver/Src/stm32f4xx_hal_tim_ex.o
 .debug_line    0x000000000000ef0b     0x2a79 ./Drivers/STM32F4xx_HAL_Driver/Src/stm32f4xx_hal_uart.o
 .debug_line    0x0000000000011984      0x764 ./workable_common/ThirdParty/FreeRTOS/list.o
 .debug_line    0x00000000000120e8     0x160d ./workable_common/ThirdParty/FreeRTOS/queue.o
 .debug_line    0x00000000000136f5     0x1e02 ./workable_common/ThirdParty/FreeRTOS/tasks.o
 .debug_line    0x00000000000154f7      0xcc3 ./workable_common/ThirdParty/FreeRTOS/timers.o
 .debug_line    0x00000000000161ba      0x87a ./workable_common/ThirdParty/FreeRTOS/portable/GCC/ARM_CM4F/port.o
 .debug_line    0x0000000000016a34      0x9af ./workable_common/ThirdParty/FreeRTOS/portable/MemMang/heap_4.o

.debug_str      0x0000000000000000    0xda3bd
 .debug_str     0x0000000000000000    0xd160e ./Core/Src/led_effect.o
                                      0xd188e (size before relaxing)
 .debug_str     0x00000000000d160e     0x1e7c ./Core/Src/main.o
                                      0xd3806 (size before relaxing)
 .debug_str     0x00000000000d348a      0x641 ./Core/Src/stm32f4xx_hal_msp.o
                                      0xd26be (size before relaxing)
 .debug_str     0x00000000000d3acb      0x107 ./Core/Src/stm32f4xx_hal_timebase_tim.o
                                      0xc9cb2 (size before relaxing)
 .debug_str     0x00000000000d3bd2       0xdf ./Core/Src/stm32f4xx_it.o
                                      0xd2076 (size before relaxing)
 .debug_str     0x00000000000d3cb1       0xdb ./Core/Src/system_stm32f4xx.o
                                      0xc91bb (size before relaxing)
 .debug_str     0x00000000000d3d8c       0xff ./Core/Src/task_handler.o
                                      0xd1b52 (size before relaxing)
 .debug_str     0x00000000000d3e8b       0x36 ./Core/Startup/startup_stm32f407vgtx.o
                                         0x6d (size before relaxing)
 .debug_str     0x00000000000d3ec1      0x5d3 ./Drivers/STM32F4xx_HAL_Driver/Src/stm32f4xx_hal.o
                                      0xc9d3f (size before relaxing)
 .debug_str     0x00000000000d4494      0x321 ./Drivers/STM32F4xx_HAL_Driver/Src/stm32f4xx_hal_cortex.o
                                      0xc9a72 (size before relaxing)
 .debug_str     0x00000000000d47b5      0x323 ./Drivers/STM32F4xx_HAL_Driver/Src/stm32f4xx_hal_dma.o
                                      0xc95d5 (size before relaxing)
 .debug_str     0x00000000000d4ad8      0x121 ./Drivers/STM32F4xx_HAL_Driver/Src/stm32f4xx_hal_gpio.o
                                      0xc9336 (size before relaxing)
 .debug_str     0x00000000000d4bf9      0x1fd ./Drivers/STM32F4xx_HAL_Driver/Src/stm32f4xx_hal_rcc.o
                                      0xc95ef (size before relaxing)
 .debug_str     0x00000000000d4df6       0xf9 ./Drivers/STM32F4xx_HAL_Driver/Src/stm32f4xx_hal_rcc_ex.o
                                      0xc930d (size before relaxing)
 .debug_str     0x00000000000d4eef      0x332 ./Drivers/STM32F4xx_HAL_Driver/Src/stm32f4xx_hal_rtc.o
                                      0xc9625 (size before relaxing)
 .debug_str     0x00000000000d5221      0xe3c ./Drivers/STM32F4xx_HAL_Driver/Src/stm32f4xx_hal_tim.o
                                      0xca535 (size before relaxing)
 .debug_str     0x00000000000d605d      0x503 ./Drivers/STM32F4xx_HAL_Driver/Src/stm32f4xx_hal_tim_ex.o
                                      0xc9d51 (size before relaxing)
 .debug_str     0x00000000000d6560      0x5b8 ./Drivers/STM32F4xx_HAL_Driver/Src/stm32f4xx_hal_uart.o
                                      0xc9b8e (size before relaxing)
 .debug_str     0x00000000000d6b18      0x29a ./workable_common/ThirdParty/FreeRTOS/list.o
                                       0xa9ef (size before relaxing)
 .debug_str     0x00000000000d6db2      0x9fc ./workable_common/ThirdParty/FreeRTOS/queue.o
                                       0xce7a (size before relaxing)
 .debug_str     0x00000000000d77ae     0x1bf2 ./workable_common/ThirdParty/FreeRTOS/tasks.o
                                       0xdc6a (size before relaxing)
 .debug_str     0x00000000000d93a0      0x53c ./workable_common/ThirdParty/FreeRTOS/timers.o
                                       0xd20e (size before relaxing)
 .debug_str     0x00000000000d98dc      0x79c ./workable_common/ThirdParty/FreeRTOS/portable/GCC/ARM_CM4F/port.o
                                       0x94ef (size before relaxing)
 .debug_str     0x00000000000da078      0x345 ./workable_common/ThirdParty/FreeRTOS/portable/MemMang/heap_4.o
                                       0xbeb8 (size before relaxing)

.comment        0x0000000000000000       0x50
 .comment       0x0000000000000000       0x50 ./Core/Src/led_effect.o
                                         0x51 (size before relaxing)
 .comment       0x0000000000000050       0x51 ./Core/Src/main.o
 .comment       0x0000000000000050       0x51 ./Core/Src/stm32f4xx_hal_msp.o
 .comment       0x0000000000000050       0x51 ./Core/Src/stm32f4xx_hal_timebase_tim.o
 .comment       0x0000000000000050       0x51 ./Core/Src/stm32f4xx_it.o
 .comment       0x0000000000000050       0x51 ./Core/Src/system_stm32f4xx.o
 .comment       0x0000000000000050       0x51 ./Core/Src/task_handler.o
 .comment       0x0000000000000050       0x51 ./Drivers/STM32F4xx_HAL_Driver/Src/stm32f4xx_hal.o
 .comment       0x0000000000000050       0x51 ./Drivers/STM32F4xx_HAL_Driver/Src/stm32f4xx_hal_cortex.o
 .comment       0x0000000000000050       0x51 ./Drivers/STM32F4xx_HAL_Driver/Src/stm32f4xx_hal_dma.o
 .comment       0x0000000000000050       0x51 ./Drivers/STM32F4xx_HAL_Driver/Src/stm32f4xx_hal_gpio.o
 .comment       0x0000000000000050       0x51 ./Drivers/STM32F4xx_HAL_Driver/Src/stm32f4xx_hal_rcc.o
 .comment       0x0000000000000050       0x51 ./Drivers/STM32F4xx_HAL_Driver/Src/stm32f4xx_hal_rcc_ex.o
 .comment       0x0000000000000050       0x51 ./Drivers/STM32F4xx_HAL_Driver/Src/stm32f4xx_hal_rtc.o
 .comment       0x0000000000000050       0x51 ./Drivers/STM32F4xx_HAL_Driver/Src/stm32f4xx_hal_tim.o
 .comment       0x0000000000000050       0x51 ./Drivers/STM32F4xx_HAL_Driver/Src/stm32f4xx_hal_tim_ex.o
 .comment       0x0000000000000050       0x51 ./Drivers/STM32F4xx_HAL_Driver/Src/stm32f4xx_hal_uart.o
 .comment       0x0000000000000050       0x51 ./workable_common/ThirdParty/FreeRTOS/list.o
 .comment       0x0000000000000050       0x51 ./workable_common/ThirdParty/FreeRTOS/queue.o
 .comment       0x0000000000000050       0x51 ./workable_common/ThirdParty/FreeRTOS/tasks.o
 .comment       0x0000000000000050       0x51 ./workable_common/ThirdParty/FreeRTOS/timers.o
 .comment       0x0000000000000050       0x51 ./workable_common/ThirdParty/FreeRTOS/portable/GCC/ARM_CM4F/port.o
 .comment       0x0000000000000050       0x51 ./workable_common/ThirdParty/FreeRTOS/portable/MemMang/heap_4.o

.debug_frame    0x0000000000000000     0x4f30
 .debug_frame   0x0000000000000000       0x58 ./Core/Src/led_effect.o
 .debug_frame   0x0000000000000058      0x114 ./Core/Src/main.o
 .debug_frame   0x000000000000016c       0xc8 ./Core/Src/stm32f4xx_hal_msp.o
 .debug_frame   0x0000000000000234       0x74 ./Core/Src/stm32f4xx_hal_timebase_tim.o
 .debug_frame   0x00000000000002a8       0xe0 ./Core/Src/stm32f4xx_it.o
 .debug_frame   0x0000000000000388       0x58 ./Core/Src/system_stm32f4xx.o
 .debug_frame   0x00000000000003e0       0xf0 ./Core/Src/task_handler.o
 .debug_frame   0x00000000000004d0      0x374 ./Drivers/STM32F4xx_HAL_Driver/Src/stm32f4xx_hal.o
 .debug_frame   0x0000000000000844      0x498 ./Drivers/STM32F4xx_HAL_Driver/Src/stm32f4xx_hal_cortex.o
 .debug_frame   0x0000000000000cdc      0x250 ./Drivers/STM32F4xx_HAL_Driver/Src/stm32f4xx_hal_dma.o
 .debug_frame   0x0000000000000f2c      0x14c ./Drivers/STM32F4xx_HAL_Driver/Src/stm32f4xx_hal_gpio.o
 .debug_frame   0x0000000000001078      0x1f4 ./Drivers/STM32F4xx_HAL_Driver/Src/stm32f4xx_hal_rcc.o
 .debug_frame   0x000000000000126c       0xf0 ./Drivers/STM32F4xx_HAL_Driver/Src/stm32f4xx_hal_rcc_ex.o
 .debug_frame   0x000000000000135c      0x3f4 ./Drivers/STM32F4xx_HAL_Driver/Src/stm32f4xx_hal_rtc.o
 .debug_frame   0x0000000000001750     0x11c4 ./Drivers/STM32F4xx_HAL_Driver/Src/stm32f4xx_hal_tim.o
 .debug_frame   0x0000000000002914      0x638 ./Drivers/STM32F4xx_HAL_Driver/Src/stm32f4xx_hal_tim_ex.o
 .debug_frame   0x0000000000002f4c      0x92c ./Drivers/STM32F4xx_HAL_Driver/Src/stm32f4xx_hal_uart.o
 .debug_frame   0x0000000000003878       0xd8 ./workable_common/ThirdParty/FreeRTOS/list.o
 .debug_frame   0x0000000000003950      0x534 ./workable_common/ThirdParty/FreeRTOS/queue.o
 .debug_frame   0x0000000000003e84      0x930 ./workable_common/ThirdParty/FreeRTOS/tasks.o
 .debug_frame   0x00000000000047b4      0x38c ./workable_common/ThirdParty/FreeRTOS/timers.o
 .debug_frame   0x0000000000004b40      0x1d0 ./workable_common/ThirdParty/FreeRTOS/portable/GCC/ARM_CM4F/port.o
 .debug_frame   0x0000000000004d10      0x12c ./workable_common/ThirdParty/FreeRTOS/portable/MemMang/heap_4.o
 .debug_frame   0x0000000000004e3c       0x2c c:/st/stm32cubeide_1.10.1/stm32cubeide/plugins/com.st.stm32cube.ide.mcu.externaltools.gnu-tools-for-stm32.10.3-2021.10.win32_1.0.0.202111181127/tools/bin/../lib/gcc/arm-none-eabi/10.3.1/../../../../arm-none-eabi/lib/thumb/v7e-m+fp/hard\libc_nano.a(lib_a-init.o)
 .debug_frame   0x0000000000004e68       0x28 c:/st/stm32cubeide_1.10.1/stm32cubeide/plugins/com.st.stm32cube.ide.mcu.externaltools.gnu-tools-for-stm32.10.3-2021.10.win32_1.0.0.202111181127/tools/bin/../lib/gcc/arm-none-eabi/10.3.1/../../../../arm-none-eabi/lib/thumb/v7e-m+fp/hard\libc_nano.a(lib_a-memcpy-stub.o)
 .debug_frame   0x0000000000004e90       0x20 c:/st/stm32cubeide_1.10.1/stm32cubeide/plugins/com.st.stm32cube.ide.mcu.externaltools.gnu-tools-for-stm32.10.3-2021.10.win32_1.0.0.202111181127/tools/bin/../lib/gcc/arm-none-eabi/10.3.1/../../../../arm-none-eabi/lib/thumb/v7e-m+fp/hard\libc_nano.a(lib_a-memset.o)
 .debug_frame   0x0000000000004eb0       0x20 c:/st/stm32cubeide_1.10.1/stm32cubeide/plugins/com.st.stm32cube.ide.mcu.externaltools.gnu-tools-for-stm32.10.3-2021.10.win32_1.0.0.202111181127/tools/bin/../lib/gcc/arm-none-eabi/10.3.1/../../../../arm-none-eabi/lib/thumb/v7e-m+fp/hard\libc_nano.a(lib_a-strcmp.o)